Component: Arm Compiler for Embedded 6.18 Tool: armlink [5e4cc100]

==============================================================================

Section Cross References

    startup_stm32f405xx.o(STACK) refers (Special) to heapauxi.o(.text) for __use_two_region_memory
    startup_stm32f405xx.o(HEAP) refers (Special) to heapauxi.o(.text) for __use_two_region_memory
    startup_stm32f405xx.o(RESET) refers (Special) to heapauxi.o(.text) for __use_two_region_memory
    startup_stm32f405xx.o(RESET) refers to startup_stm32f405xx.o(STACK) for __initial_sp
    startup_stm32f405xx.o(RESET) refers to startup_stm32f405xx.o(.text) for Reset_Handler
    startup_stm32f405xx.o(RESET) refers to stm32f4xx_it.o(.text.NMI_Handler) for NMI_Handler
    startup_stm32f405xx.o(RESET) refers to stm32f4xx_it.o(.text.HardFault_Handler) for HardFault_Handler
    startup_stm32f405xx.o(RESET) refers to stm32f4xx_it.o(.text.MemManage_Handler) for MemManage_Handler
    startup_stm32f405xx.o(RESET) refers to stm32f4xx_it.o(.text.BusFault_Handler) for BusFault_Handler
    startup_stm32f405xx.o(RESET) refers to stm32f4xx_it.o(.text.UsageFault_Handler) for UsageFault_Handler
    startup_stm32f405xx.o(RESET) refers to stm32f4xx_it.o(.text.SVC_Handler) for SVC_Handler
    startup_stm32f405xx.o(RESET) refers to stm32f4xx_it.o(.text.DebugMon_Handler) for DebugMon_Handler
    startup_stm32f405xx.o(RESET) refers to stm32f4xx_it.o(.text.PendSV_Handler) for PendSV_Handler
    startup_stm32f405xx.o(RESET) refers to stm32f4xx_it.o(.text.SysTick_Handler) for SysTick_Handler
    startup_stm32f405xx.o(RESET) refers to stm32f4xx_it.o(.text.DMA1_Stream0_IRQHandler) for DMA1_Stream0_IRQHandler
    startup_stm32f405xx.o(RESET) refers to stm32f4xx_it.o(.text.DMA1_Stream2_IRQHandler) for DMA1_Stream2_IRQHandler
    startup_stm32f405xx.o(RESET) refers to stm32f4xx_it.o(.text.DMA1_Stream4_IRQHandler) for DMA1_Stream4_IRQHandler
    startup_stm32f405xx.o(RESET) refers to stm32f4xx_it.o(.text.CAN1_RX0_IRQHandler) for CAN1_RX0_IRQHandler
    startup_stm32f405xx.o(RESET) refers to stm32f4xx_it.o(.text.CAN1_RX1_IRQHandler) for CAN1_RX1_IRQHandler
    startup_stm32f405xx.o(RESET) refers to stm32f4xx_it.o(.text.USART1_IRQHandler) for USART1_IRQHandler
    startup_stm32f405xx.o(RESET) refers to stm32f4xx_it.o(.text.EXTI15_10_IRQHandler) for EXTI15_10_IRQHandler
    startup_stm32f405xx.o(RESET) refers to stm32f4xx_it.o(.text.DMA1_Stream7_IRQHandler) for DMA1_Stream7_IRQHandler
    startup_stm32f405xx.o(RESET) refers to stm32f4xx_it.o(.text.UART4_IRQHandler) for UART4_IRQHandler
    startup_stm32f405xx.o(RESET) refers to stm32f4xx_it.o(.text.UART5_IRQHandler) for UART5_IRQHandler
    startup_stm32f405xx.o(RESET) refers to stm32f4xx_it.o(.text.TIM6_DAC_IRQHandler) for TIM6_DAC_IRQHandler
    startup_stm32f405xx.o(RESET) refers to stm32f4xx_it.o(.text.CAN2_RX0_IRQHandler) for CAN2_RX0_IRQHandler
    startup_stm32f405xx.o(RESET) refers to stm32f4xx_it.o(.text.CAN2_RX1_IRQHandler) for CAN2_RX1_IRQHandler
    startup_stm32f405xx.o(RESET) refers to stm32f4xx_it.o(.text.OTG_FS_IRQHandler) for OTG_FS_IRQHandler
    startup_stm32f405xx.o(RESET) refers to stm32f4xx_it.o(.text.DMA2_Stream6_IRQHandler) for DMA2_Stream6_IRQHandler
    startup_stm32f405xx.o(RESET) refers to stm32f4xx_it.o(.text.DMA2_Stream7_IRQHandler) for DMA2_Stream7_IRQHandler
    startup_stm32f405xx.o(RESET) refers to stm32f4xx_it.o(.text.USART6_IRQHandler) for USART6_IRQHandler
    startup_stm32f405xx.o(.text) refers (Special) to heapauxi.o(.text) for __use_two_region_memory
    startup_stm32f405xx.o(.text) refers to system_stm32f4xx.o(.text.SystemInit) for SystemInit
    startup_stm32f405xx.o(.text) refers to __main.o(!!!main) for __main
    startup_stm32f405xx.o(.text) refers to startup_stm32f405xx.o(HEAP) for Heap_Mem
    startup_stm32f405xx.o(.text) refers to startup_stm32f405xx.o(STACK) for Stack_Mem
    main.o(.text.HAL_UART_RxCpltCallback) refers to usart.o(.bss.huart1) for huart1
    main.o(.text.HAL_UART_RxCpltCallback) refers to main.o(.bss.rebuf) for rebuf
    main.o(.text.HAL_UART_RxCpltCallback) refers to stm32f4xx_hal_uart.o(.text.HAL_UART_Receive_DMA) for HAL_UART_Receive_DMA
    main.o(.ARM.exidx.text.HAL_UART_RxCpltCallback) refers to main.o(.text.HAL_UART_RxCpltCallback) for [Anonymous Symbol]
    main.o(.text.main) refers to stm32f4xx_hal.o(.text.HAL_Init) for HAL_Init
    main.o(.text.main) refers to main.o(.text.SystemClock_Config) for SystemClock_Config
    main.o(.text.main) refers to gpio.o(.text.MX_GPIO_Init) for MX_GPIO_Init
    main.o(.text.main) refers to dma.o(.text.MX_DMA_Init) for MX_DMA_Init
    main.o(.text.main) refers to can.o(.text.MX_CAN1_Init) for MX_CAN1_Init
    main.o(.text.main) refers to can.o(.text.MX_CAN2_Init) for MX_CAN2_Init
    main.o(.text.main) refers to spi.o(.text.MX_SPI1_Init) for MX_SPI1_Init
    main.o(.text.main) refers to usart.o(.text.MX_UART4_Init) for MX_UART4_Init
    main.o(.text.main) refers to usart.o(.text.MX_UART5_Init) for MX_UART5_Init
[...]
    send_wheel_torque                        0x0800bfb5   Thumb Code    52  odrive_can.o(.text.send_wheel_torque)
    setup                                    0x0800bfe9   Thumb Code    58  ros_main.o(.text.setup)
    vcp_available                            0x0800c025   Thumb Code    20  usbd_cdc_if.o(.text.vcp_available)
    vcp_read                                 0x0800c039   Thumb Code    42  usbd_cdc_if.o(.text.vcp_read)
    vcp_write                                0x0800c065   Thumb Code    58  usbd_cdc_if.o(.text.vcp_write)
    __ARM_fpclassify                         0x0800c09f   Thumb Code    48  fpclassify.o(i.__ARM_fpclassify)
    __hardfp_asin                            0x0800c0d1   Thumb Code   770  asin.o(i.__hardfp_asin)
    __hardfp_atan                            0x0800c431   Thumb Code   622  atan.o(i.__hardfp_atan)
    __hardfp_atan2                           0x0800c709   Thumb Code   448  atan2.o(i.__hardfp_atan2)
    __kernel_poly                            0x0800c909   Thumb Code   248  poly.o(i.__kernel_poly)
    __mathlib_dbl_infnan                     0x0800ca01   Thumb Code    20  dunder.o(i.__mathlib_dbl_infnan)
    __mathlib_dbl_infnan2                    0x0800ca15   Thumb Code    20  dunder.o(i.__mathlib_dbl_infnan2)
    __mathlib_dbl_invalid                    0x0800ca29   Thumb Code    24  dunder.o(i.__mathlib_dbl_invalid)
    __mathlib_dbl_underflow                  0x0800ca49   Thumb Code    24  dunder.o(i.__mathlib_dbl_underflow)
    atan                                     0x0800ca69   Thumb Code    16  atan.o(i.atan)
    fabs                                     0x0800ca79   Thumb Code    24  fabs.o(i.fabs)
    sqrt                                     0x0800ca91   Thumb Code   110  sqrt.o(i.sqrt)
    __aeabi_dneg                             0x0800caff   Thumb Code     0  basic.o(x$fpl$basic)
    _dneg                                    0x0800caff   Thumb Code     6  basic.o(x$fpl$basic)
    __aeabi_fneg                             0x0800cb05   Thumb Code     0  basic.o(x$fpl$basic)
    _fneg                                    0x0800cb05   Thumb Code     6  basic.o(x$fpl$basic)
    _dabs                                    0x0800cb0b   Thumb Code     6  basic.o(x$fpl$basic)
    _fabs                                    0x0800cb11   Thumb Code     6  basic.o(x$fpl$basic)
    __aeabi_d2f                              0x0800cb19   Thumb Code     0  d2f.o(x$fpl$d2f)
    _d2f                                     0x0800cb19   Thumb Code    98  d2f.o(x$fpl$d2f)
    __aeabi_dadd                             0x0800cb7d   Thumb Code     0  daddsub_clz.o(x$fpl$dadd)
    _dadd                                    0x0800cb7d   Thumb Code   332  daddsub_clz.o(x$fpl$dadd)
    __fpl_dcmp_Inf                           0x0800cccd   Thumb Code    24  dcmpi.o(x$fpl$dcmpinf)
    __aeabi_ddiv                             0x0800cce5   Thumb Code     0  ddiv.o(x$fpl$ddiv)
    _ddiv                                    0x0800cce5   Thumb Code   556  ddiv.o(x$fpl$ddiv)
    __aeabi_cdcmpeq                          0x0800cf99   Thumb Code     0  deqf.o(x$fpl$deqf)
    _dcmpeq                                  0x0800cf99   Thumb Code   120  deqf.o(x$fpl$deqf)
    __aeabi_dmul                             0x0800d011   Thumb Code     0  dmul.o(x$fpl$dmul)
    _dmul                                    0x0800d011   Thumb Code   332  dmul.o(x$fpl$dmul)
    __fpl_dnaninf                            0x0800d165   Thumb Code   156  dnaninf.o(x$fpl$dnaninf)
    __fpl_dretinf                            0x0800d201   Thumb Code    12  dretinf.o(x$fpl$dretinf)
    __aeabi_drsub                            0x0800d20d   Thumb Code     0  daddsub_clz.o(x$fpl$drsb)
    _drsb                                    0x0800d20d   Thumb Code    22  daddsub_clz.o(x$fpl$drsb)
    _dsqrt                                   0x0800d225   Thumb Code   404  dsqrt_umaal.o(x$fpl$dsqrt)
    __aeabi_dsub                             0x0800d3bd   Thumb Code     0  daddsub_clz.o(x$fpl$dsub)
    _dsub                                    0x0800d3bd   Thumb Code   472  daddsub_clz.o(x$fpl$dsub)
    __aeabi_f2d                              0x0800d599   Thumb Code     0  f2d.o(x$fpl$f2d)
    _f2d                                     0x0800d599   Thumb Code    86  f2d.o(x$fpl$f2d)
    __fpl_fnaninf                            0x0800d5ef   Thumb Code   140  fnaninf.o(x$fpl$fnaninf)
    _fp_init                                 0x0800d67b   Thumb Code    26  fpinit.o(x$fpl$fpinit)
    __fplib_config_fpu_vfp                   0x0800d693   Thumb Code     0  fpinit.o(x$fpl$fpinit)
    __fplib_config_pureend_doubles           0x0800d693   Thumb Code     0  fpinit.o(x$fpl$fpinit)
    __fpl_fretinf                            0x0800d695   Thumb Code    10  fretinf.o(x$fpl$fretinf)
    __I$use$fp                               0x0800d69e   Number         0  usenofp.o(x$fpl$usenofp)
    __mathlib_zero                           0x0800d788   Data           8  qnan.o(.constdata)
    AHBPrescTable                            0x0800d790   Data          16  system_stm32f4xx.o(.rodata.AHBPrescTable)
    APBPrescTable                            0x0800d7a0   Data           8  system_stm32f4xx.o(.rodata.APBPrescTable)
    vtable for USBSerial                     0x0800d7c4   Data          20  usbserial.o(.rodata._ZTV9USBSerial)
    vtable for sensor_msgs::Imu              0x0800d7d8   Data          24  ros_main.o(.rodata._ZTVN11sensor_msgs3ImuE)
    vtable for geometry_msgs::Quaternion     0x0800d7f0   Data          24  ros_main.o(.rodata._ZTVN13geometry_msgs10QuaternionE)
    vtable for geometry_msgs::Vector3        0x0800d808   Data          24  ros_main.o(.rodata._ZTVN13geometry_msgs7Vector3E)
    vtable for rosserial_msgs::RequestParamResponse 0x0800d820   Data          24  ros_main.o(.rodata._ZTVN14rosserial_msgs20RequestParamResponseE)
    vtable for rosserial_msgs::Log           0x0800d838   Data          24  ros_main.o(.rodata._ZTVN14rosserial_msgs3LogE)
    vtable for rosserial_msgs::TopicInfo     0x0800d850   Data          24  ros_main.o(.rodata._ZTVN14rosserial_msgs9TopicInfoE)
    vtable for ros::NodeHandle_<STM32Hardware, 25, 25, 1024, 1024> 0x0800d868   Data          20  ros_main.o(.rodata._ZTVN3ros11NodeHandle_I13STM32HardwareLi25ELi25ELi1024ELi1024EEE)
    vtable for std_msgs::Time                0x0800d87c   Data          24  ros_main.o(.rodata._ZTVN8std_msgs4TimeE)
    vtable for std_msgs::Header              0x0800d894   Data          24  ros_main.o(.rodata._ZTVN8std_msgs6HeaderE)
    vtable for std_msgs::String              0x0800d8ac   Data          24  ros_main.o(.rodata._ZTVN8std_msgs6StringE)
    Region$$Table$$Base                      0x0800d8f4   Number         0  anon$$obj.o(Region$$Table)
    Region$$Table$$Limit                     0x0800d914   Number         0  anon$$obj.o(Region$$Table)
    SHT$$INIT_ARRAY$$Base                    0x0800d914   Number         0  ros_main.o(.init_array)
    SHT$$INIT_ARRAY$$Limit                   0x0800d918   Number         0  init_aeabi.o(.init_array)
    uwTickFreq                               0x20000000   Data           1  stm32f4xx_hal.o(.data..L_MergedGlobals)
    uwTickPrio                               0x20000004   Data           4  stm32f4xx_hal.o(.data..L_MergedGlobals)
    BMI088_ACCEL_SEN                         0x20000008   Data           4  bmi088driver.o(.data..L_MergedGlobals)
    BMI088_GYRO_SEN                          0x2000000c   Data           4  bmi088driver.o(.data..L_MergedGlobals)
    twoKp                                    0x20000010   Data           4  mahonyahrs.o(.data..L_MergedGlobals)
    q0                                       0x20000014   Data           4  mahonyahrs.o(.data..L_MergedGlobals)
    a1_step1                                 0x20000018   Data          34  unitree_a1_change_id.o(.data..L_MergedGlobals)
    a1_step2                                 0x2000003a   Data          34  unitree_a1_change_id.o(.data..L_MergedGlobals)
    a1_step3                                 0x2000005c   Data          34  unitree_a1_change_id.o(.data..L_MergedGlobals)
    FS_Desc                                  0x20000080   Data          28  usbd_desc.o(.data.FS_Desc)
    Serial0                                  0x2000009c   Data          24  usbserial.o(.data.Serial0)
    SystemCoreClock                          0x200000b4   Data           4  system_stm32f4xx.o(.data.SystemCoreClock)
    USBD_CDC                                 0x200000b8   Data          56  usbd_cdc.o(.data.USBD_CDC)
    USBD_FS_DeviceDesc                       0x20000140   Data          18  usbd_desc.o(.data.USBD_FS_DeviceDesc)
    USBD_Interface_fops_FS                   0x20000154   Data          20  usbd_cdc_if.o(.data.USBD_Interface_fops_FS)
    USBD_LangIDDesc                          0x20000168   Data           4  usbd_desc.o(.data.USBD_LangIDDesc)
    USBD_StringSerial                        0x2000016c   Data          26  usbd_desc.o(.data.USBD_StringSerial)
    angle_pid                                0x20000188   Data          16  pid.o(.data.angle_pid)
    hello                                    0x20000198   Data          13  ros_main.o(.data.hello)
    vel_pid                                  0x200001a8   Data          16  pid.o(.data.vel_pid)
    __libspace_start                         0x200001b8   Data          96  libspace.o(.bss)
    __temporary_stack_top$libspace           0x20000218   Data           0  libspace.o(.bss)
    temp                                     0x2000021c   Data           4  stm32f4xx_it.o(.bss..L_MergedGlobals)
    vel_pid_output_value                     0x20000220   Data           4  stm32f4xx_it.o(.bss..L_MergedGlobals)
    Angle_pid_output_value                   0x20000224   Data           4  stm32f4xx_it.o(.bss..L_MergedGlobals)
    Gyro                                     0x20000228   Data          12  stm32f4xx_it.o(.bss..L_MergedGlobals)
    Accel                                    0x20000234   Data          12  stm32f4xx_it.o(.bss..L_MergedGlobals)
    IMU                                      0x20000240   Data          40  stm32f4xx_it.o(.bss..L_MergedGlobals)
    usb_rxBufPtrIn                           0x20000268   Data           4  usbd_cdc_if.o(.bss..L_MergedGlobals)
    usb_rxBufPtrOut                          0x2000026c   Data           4  usbd_cdc_if.o(.bss..L_MergedGlobals)
    stop_flag                                0x20000270   Data           1  pid.o(.bss..L_MergedGlobals)
    Vel_integral                             0x20000278   Data           4  pid.o(.bss..L_MergedGlobals)
    twoKi                                    0x2000027c   Data           4  mahonyahrs.o(.bss..L_MergedGlobals.1)
    q1                                       0x20000280   Data           4  mahonyahrs.o(.bss..L_MergedGlobals.1)
    q2                                       0x20000284   Data           4  mahonyahrs.o(.bss..L_MergedGlobals.1)
    q3                                       0x20000288   Data           4  mahonyahrs.o(.bss..L_MergedGlobals.1)
    integralFBx                              0x2000028c   Data           4  mahonyahrs.o(.bss..L_MergedGlobals.1)
    integralFBy                              0x20000290   Data           4  mahonyahrs.o(.bss..L_MergedGlobals.1)
    integralFBz                              0x20000294   Data           4  mahonyahrs.o(.bss..L_MergedGlobals.1)
    str_msg                                  0x20000298   Data           8  ros_main.o(.bss..L_MergedGlobals.25)
    chatter                                  0x200002a0   Data          20  ros_main.o(.bss..L_MergedGlobals.25)
    imu_pub                                  0x200002b4   Data          20  ros_main.o(.bss..L_MergedGlobals.25)
    USBD_StrDesc                             0x200002d0   Data         512  usbd_desc.o(.bss.USBD_StrDesc)
    UserRxBufferFS                           0x200006f0   Data        2048  usbd_cdc_if.o(.bss.UserRxBufferFS)
    UserTxBufferFS                           0x20000ef0   Data        2048  usbd_cdc_if.o(.bss.UserTxBufferFS)
    hUsbDeviceFS                             0x200016f0   Data         732  usb_device.o(.bss.hUsbDeviceFS)
    hadc1                                    0x200019cc   Data          72  adc.o(.bss.hadc1)
    hcan1                                    0x20001a14   Data          40  can.o(.bss.hcan1)
    hcan2                                    0x20001a3c   Data          40  can.o(.bss.hcan2)
    hdma_uart4_rx                            0x20001a64   Data          96  usart.o(.bss.hdma_uart4_rx)
    hdma_uart4_tx                            0x20001ac4   Data          96  usart.o(.bss.hdma_uart4_tx)
    hdma_uart5_rx                            0x20001b24   Data          96  usart.o(.bss.hdma_uart5_rx)
    hdma_uart5_tx                            0x20001b84   Data          96  usart.o(.bss.hdma_uart5_tx)
    hdma_usart1_tx                           0x20001be4   Data          96  usart.o(.bss.hdma_usart1_tx)
    hdma_usart6_tx                           0x20001c44   Data          96  usart.o(.bss.hdma_usart6_tx)
    hpcd_USB_OTG_FS                          0x20001ca4   Data        1292  usbd_conf.o(.bss.hpcd_USB_OTG_FS)
    hspi1                                    0x200021b0   Data          88  spi.o(.bss.hspi1)
    htim12                                   0x20002208   Data          72  tim.o(.bss.htim12)
    htim4                                    0x20002250   Data          72  tim.o(.bss.htim4)
    htim5                                    0x20002298   Data          72  tim.o(.bss.htim5)
    htim6                                    0x200022e0   Data          72  tim.o(.bss.htim6)
    huart1                                   0x20002328   Data          68  usart.o(.bss.huart1)
    huart2                                   0x2000236c   Data          68  usart.o(.bss.huart2)
    huart3                                   0x200023b0   Data          68  usart.o(.bss.huart3)
    huart4                                   0x200023f4   Data          68  usart.o(.bss.huart4)
    huart5                                   0x20002438   Data          68  usart.o(.bss.huart5)
    huart6                                   0x2000247c   Data          68  usart.o(.bss.huart6)
    imu_msg                                  0x200024c0   Data         184  ros_main.o(.bss.imu_msg)
    left_wheel_odom                          0x20002578   Data           4  odrive_can.o(.bss.left_wheel_odom)
    left_wheel_vel                           0x2000257c   Data           4  odrive_can.o(.bss.left_wheel_vel)
    nh                                       0x20002580   Data        2352  ros_main.o(.bss.nh)
    rebuf                                    0x20002eb0   Data          12  main.o(.bss.rebuf)
    right_wheel_odom                         0x20002ebc   Data           4  odrive_can.o(.bss.right_wheel_odom)
    right_wheel_vel                          0x20002ec0   Data           4  odrive_can.o(.bss.right_wheel_vel)
    usb_rxBuffer                             0x20002ec4   Data        2048  usbd_cdc_if.o(.bss.usb_rxBuffer)
    uwTick                                   0x200036c4   Data           4  stm32f4xx_hal.o(.bss.uwTick)



==============================================================================

Memory Map of the image

  Image Entry point : 0x08000189

  Load Region LR_IROM1 (Base: 0x08000000, Size: 0x0000dad0, Max: 0x00100000, ABSOLUTE, COMPRESSED[0x0000da40])

    Execution Region ER_IROM1 (Exec base: 0x08000000, Load base: 0x08000000, Size: 0x0000d918, Max: 0x00100000, ABSOLUTE)

    Exec Addr    Load Addr    Size         Type   Attr      Idx    E Section Name        Object

    0x08000000   0x08000000   0x00000188   Data   RO            3    RESET               startup_stm32f405xx.o
    0x08000188   0x08000188   0x00000008   Code   RO         2279  * !!!main             c_w.l(__main.o)
    0x08000190   0x08000190   0x00000034   Code   RO         2631    !!!scatter          c_w.l(__scatter.o)
    0x080001c4   0x080001c4   0x0000003a   Code   RO         2629    !!dczerorl          c_w.l(__dczerorl.o)
    0x080001fe   0x080001fe   0x00000002   PAD
    0x08000200   0x08000200   0x0000001c   Code   RO         2633    !!handler_zi        c_w.l(__scatter_zi.o)
    0x0800021c   0x0800021c   0x00000002   Code   RO         2561    .ARM.Collect$$libinit$$00000000  c_w.l(libinit.o)
    0x0800021e   0x0800021e   0x00000004   Code   RO         2366    .ARM.Collect$$libinit$$00000001  c_w.l(libinit2.o)
    0x08000222   0x08000222   0x00000000   Code   RO         2369    .ARM.Collect$$libinit$$00000004  c_w.l(libinit2.o)
    0x08000222   0x08000222   0x00000000   Code   RO         2371    .ARM.Collect$$libinit$$00000006  c_w.l(libinit2.o)
    0x08000222   0x08000222   0x00000008   Code   RO         2372    .ARM.Collect$$libinit$$00000007  c_w.l(libinit2.o)
    0x0800022a   0x0800022a   0x00000000   Code   RO         2374    .ARM.Collect$$libinit$$0000000C  c_w.l(libinit2.o)
    0x0800022a   0x0800022a   0x00000000   Code   RO         2376    .ARM.Collect$$libinit$$0000000E  c_w.l(libinit2.o)
    0x0800022a   0x0800022a   0x00000000   Code   RO         2378    .ARM.Collect$$libinit$$00000010  c_w.l(libinit2.o)
    0x0800022a   0x0800022a   0x00000000   Code   RO         2381    .ARM.Collect$$libinit$$00000013  c_w.l(libinit2.o)
    0x0800022a   0x0800022a   0x00000000   Code   RO         2383    .ARM.Collect$$libinit$$00000015  c_w.l(libinit2.o)
    0x0800022a   0x0800022a   0x00000000   Code   RO         2385    .ARM.Collect$$libinit$$00000017  c_w.l(libinit2.o)
    0x0800022a   0x0800022a   0x00000000   Code   RO         2387    .ARM.Collect$$libinit$$00000019  c_w.l(libinit2.o)
    0x0800022a   0x0800022a   0x00000000   Code   RO         2389    .ARM.Collect$$libinit$$0000001B  c_w.l(libinit2.o)
    0x0800022a   0x0800022a   0x00000000   Code   RO         2391    .ARM.Collect$$libinit$$0000001D  c_w.l(libinit2.o)
    0x0800022a   0x0800022a   0x00000000   Code   RO         2393    .ARM.Collect$$libinit$$0000001F  c_w.l(libinit2.o)
    0x0800022a   0x0800022a   0x00000000   Code   RO         2395    .ARM.Collect$$libinit$$00000021  c_w.l(libinit2.o)
    0x0800022a   0x0800022a   0x00000000   Code   RO         2397    .ARM.Collect$$libinit$$00000023  c_w.l(libinit2.o)
    0x0800022a   0x0800022a   0x00000000   Code   RO         2399    .ARM.Collect$$libinit$$00000025  c_w.l(libinit2.o)
    0x0800022a   0x0800022a   0x00000000   Code   RO         2401    .ARM.Collect$$libinit$$00000027  c_w.l(libinit2.o)
    0x0800022a   0x0800022a   0x00000000   Code   RO         2405    .ARM.Collect$$libinit$$0000002E  c_w.l(libinit2.o)
    0x0800022a   0x0800022a   0x00000000   Code   RO         2407    .ARM.Collect$$libinit$$00000030  c_w.l(libinit2.o)
    0x0800022a   0x0800022a   0x00000000   Code   RO         2409    .ARM.Collect$$libinit$$00000032  c_w.l(libinit2.o)
    0x0800022a   0x0800022a   0x00000004   Code   RO         2410    .ARM.Collect$$libinit$$00000033  c_w.l(libinit2.o)
    0x0800022e   0x0800022e   0x00000000   Code   RO         2411    .ARM.Collect$$libinit$$00000034  c_w.l(libinit2.o)
    0x0800022e   0x0800022e   0x00000002   Code   RO         2412    .ARM.Collect$$libinit$$00000035  c_w.l(libinit2.o)
    0x08000230   0x08000230   0x00000002   Code   RO         2626    .ARM.Collect$$libshutdown$$00000000  c_w.l(libshutdown.o)
    0x08000232   0x08000232   0x00000000   Code   RO         2582    .ARM.Collect$$libshutdown$$00000002  c_w.l(libshutdown2.o)
    0x08000232   0x08000232   0x00000000   Code   RO         2584    .ARM.Collect$$libshutdown$$00000004  c_w.l(libshutdown2.o)
    0x08000232   0x08000232   0x00000000   Code   RO         2587    .ARM.Collect$$libshutdown$$00000007  c_w.l(libshutdown2.o)
    0x08000232   0x08000232   0x00000000   Code   RO         2590    .ARM.Collect$$libshutdown$$0000000A  c_w.l(libshutdown2.o)
    0x08000232   0x08000232   0x00000000   Code   RO         2592    .ARM.Collect$$libshutdown$$0000000C  c_w.l(libshutdown2.o)
    0x08000232   0x08000232   0x00000000   Code   RO         2595    .ARM.Collect$$libshutdown$$0000000F  c_w.l(libshutdown2.o)
    0x08000232   0x08000232   0x00000002   Code   RO         2596    .ARM.Collect$$libshutdown$$00000010  c_w.l(libshutdown2.o)
    0x08000234   0x08000234   0x00000000   Code   RO         2324    .ARM.Collect$$rtentry$$00000000  c_w.l(__rtentry.o)
    0x08000234   0x08000234   0x00000000   Code   RO         2482    .ARM.Collect$$rtentry$$00000002  c_w.l(__rtentry2.o)
    0x08000234   0x08000234   0x00000006   Code   RO         2494    .ARM.Collect$$rtentry$$00000004  c_w.l(__rtentry4.o)
    0x0800023a   0x0800023a   0x00000000   Code   RO         2484    .ARM.Collect$$rtentry$$00000009  c_w.l(__rtentry2.o)
    0x0800023a   0x0800023a   0x00000004   Code   RO         2485    .ARM.Collect$$rtentry$$0000000A  c_w.l(__rtentry2.o)
    0x0800023e   0x0800023e   0x00000000   Code   RO         2487    .ARM.Collect$$rtentry$$0000000C  c_w.l(__rtentry2.o)
    0x0800023e   0x0800023e   0x00000008   Code   RO         2488    .ARM.Collect$$rtentry$$0000000D  c_w.l(__rtentry2.o)
    0x08000246   0x08000246   0x00000002   Code   RO         2569    .ARM.Collect$$rtexit$$00000000  c_w.l(rtexit.o)
    0x08000248   0x08000248   0x00000000   Code   RO         2602    .ARM.Collect$$rtexit$$00000002  c_w.l(rtexit2.o)
    0x08000248   0x08000248   0x00000004   Code   RO         2603    .ARM.Collect$$rtexit$$00000003  c_w.l(rtexit2.o)
    0x0800024c   0x0800024c   0x00000006   Code   RO         2604    .ARM.Collect$$rtexit$$00000004  c_w.l(rtexit2.o)
    0x08000252   0x08000252   0x00000002   PAD
    0x08000254   0x08000254   0x00000040   Code   RO            4    .text               startup_stm32f405xx.o
    0x08000294   0x08000294   0x000000c4   Code   RO         2213    .text               c_w.l(h1_realloc.o)
    0x08000358   0x08000358   0x000000f0   Code   RO         2267    .text               c_w.l(lludivv7m.o)
    0x08000448   0x08000448   0x0000003e   Code   RO         2269    .text               c_w.l(strlen.o)
    0x08000486   0x08000486   0x0000008a   Code   RO         2271    .text               c_w.l(rt_memcpy_v6.o)
    0x08000510   0x08000510   0x00000084   Code   RO         2273    .text               c_w.l(rt_memmove_v6.o)
    0x08000594   0x08000594   0x0000004e   Code   RO         2275    .text               c_w.l(rt_memclr_w.o)
    0x080005e2   0x080005e2   0x00000006   Code   RO         2277    .text               c_w.l(heapauxi.o)
    0x080005e8   0x080005e8   0x00000024   Code   RO         2284    .text               c_w.l(init_aeabi.o)
    0x0800060c   0x0800060c   0x00000008   Code   RO         2332    .text               c_w.l(rt_heap_descriptor_intlibspace.o)
    0x08000614   0x08000614   0x00000004   Code   RO         2334    .text               c_w.l(hguard.o)
    0x08000618   0x08000618   0x0000008a   Code   RO         2336    .text               c_w.l(init_alloc.o)
    0x080006a2   0x080006a2   0x0000005e   Code   RO         2344    .text               c_w.l(h1_alloc.o)
    0x08000700   0x08000700   0x0000004e   Code   RO         2346    .text               c_w.l(h1_free.o)
    0x0800074e   0x0800074e   0x00000016   Code   RO         2360    .text               c_w.l(_rserrno.o)
    0x08000764   0x08000764   0x00000064   Code   RO         2362    .text               c_w.l(rt_memcpy_w.o)
    0x080007c8   0x080007c8   0x0000007a   Code   RO         2364    .text               c_w.l(rt_memmove_w.o)
    0x08000842   0x08000842   0x00000002   PAD
    0x08000844   0x08000844   0x00000008   Code   RO         2478    .text               c_w.l(libspace.o)
    0x0800084c   0x0800084c   0x00000008   Code   RO         2501    .text               c_w.l(rt_errno_addr_intlibspace.o)
    0x08000854   0x08000854   0x00000000   Code   RO         2503    .text               c_w.l(maybetermalloc1.o)
    0x08000854   0x08000854   0x0000000e   Code   RO         2505    .text               c_w.l(h1_init.o)
    0x08000862   0x08000862   0x00000034   Code   RO         2507    .text               c_w.l(h1_extend.o)
    0x08000896   0x08000896   0x0000000e   Code   RO         2513    .text               c_w.l(defsig_rtmem_outer.o)
    0x080008a4   0x080008a4   0x0000004a   Code   RO         2534    .text               c_w.l(sys_stackheap_outer.o)
    0x080008ee   0x080008ee   0x00000012   Code   RO         2542    .text               c_w.l(exit.o)
    0x08000900   0x08000900   0x0000000a   Code   RO         2544    .text               c_w.l(defsig_exit.o)
    0x0800090a   0x0800090a   0x00000002   PAD
    0x0800090c   0x0800090c   0x00000050   Code   RO         2550    .text               c_w.l(defsig_rtmem_inner.o)
    0x0800095c   0x0800095c   0x0000000c   Code   RO         2562    .text               c_w.l(sys_exit.o)
    0x08000968   0x08000968   0x00000002   Code   RO         2566    .text               c_w.l(use_no_semi.o)
    0x0800096a   0x0800096a   0x00000000   Code   RO         2568    .text               c_w.l(indicate_semi.o)
    0x0800096a   0x0800096a   0x00000032   Code   RO         2577    .text               c_w.l(defsig_general.o)
    0x0800099c   0x0800099c   0x0000000e   Code   RO         2597    .text               c_w.l(sys_wrch.o)
    0x080009aa   0x080009aa   0x00000002   PAD
    0x080009ac   0x080009ac   0x000000a0   Code   RO         2146    .text.Angle_PID_Output  pid.o
    0x08000a4c   0x08000a4c   0x00000010   Code   RO         1856    .text.BMI088_ACCEL_NS_H  bmi088middleware.o
    0x08000a5c   0x08000a5c   0x00000010   Code   RO         1854    .text.BMI088_ACCEL_NS_L  bmi088middleware.o
    0x08000a6c   0x08000a6c   0x00000002   Code   RO         1846    .text.BMI088_GPIO_init  bmi088middleware.o
    0x08000a6e   0x08000a6e   0x00000002   PAD
    0x08000a70   0x08000a70   0x00000010   Code   RO         1860    .text.BMI088_GYRO_NS_H  bmi088middleware.o
    0x08000a80   0x08000a80   0x00000010   Code   RO         1858    .text.BMI088_GYRO_NS_L  bmi088middleware.o
    0x08000a90   0x08000a90   0x00000002   Code   RO         1848    .text.BMI088_com_init  bmi088middleware.o
    0x08000a92   0x08000a92   0x00000002   PAD
    0x08000a94   0x08000a94   0x000001e6   Code   RO         1850    .text.BMI088_delay_ms  bmi088middleware.o
    0x08000c7a   0x08000c7a   0x00000002   PAD
    0x08000c7c   0x08000c7c   0x0000004a   Code   RO         1852    .text.BMI088_delay_us  bmi088middleware.o
    0x08000cc6   0x08000cc6   0x00000002   PAD
    0x08000cc8   0x08000cc8   0x00000018   Code   RO         1827    .text.BMI088_init   bmi088driver.o
    0x08000ce0   0x08000ce0   0x0000019e   Code   RO         1833    .text.BMI088_read   bmi088driver.o
    0x08000e7e   0x08000e7e   0x00000002   PAD
    0x08000e80   0x08000e80   0x0000002e   Code   RO         1862    .text.BMI088_read_write_byte  bmi088middleware.o
    0x08000eae   0x08000eae   0x00000002   PAD
    0x08000eb0   0x08000eb0   0x00000002   Code   RO          164    .text.BusFault_Handler  stm32f4xx_it.o
    0x08000eb2   0x08000eb2   0x00000002   PAD
    0x08000eb4   0x08000eb4   0x0000000c   Code   RO          182    .text.CAN1_RX0_IRQHandler  stm32f4xx_it.o
    0x08000ec0   0x08000ec0   0x0000000c   Code   RO          184    .text.CAN1_RX1_IRQHandler  stm32f4xx_it.o
    0x08000ecc   0x08000ecc   0x0000000c   Code   RO          198    .text.CAN2_RX0_IRQHandler  stm32f4xx_it.o
    0x08000ed8   0x08000ed8   0x0000000c   Code   RO          200    .text.CAN2_RX1_IRQHandler  stm32f4xx_it.o
    0x08000ee4   0x08000ee4   0x00000004   Code   RO          274    .text.CDC_Control_FS  usbd_cdc_if.o
    0x08000ee8   0x08000ee8   0x00000004   Code   RO          272    .text.CDC_DeInit_FS  usbd_cdc_if.o
    0x08000eec   0x08000eec   0x0000002c   Code   RO          270    .text.CDC_Init_FS   usbd_cdc_if.o
    0x08000f18   0x08000f18   0x0000005a   Code   RO          276    .text.CDC_Receive_FS  usbd_cdc_if.o
    0x08000f72   0x08000f72   0x00000002   PAD
    0x08000f74   0x08000f74   0x00000004   Code   RO          278    .text.CDC_TransmitCplt_FS  usbd_cdc_if.o
    0x08000f78   0x08000f78   0x00000036   Code   RO          268    .text.CDC_Transmit_FS  usbd_cdc_if.o
    0x08000fae   0x08000fae   0x00000002   PAD
    0x08000fb0   0x08000fb0   0x0000000c   Code   RO          176    .text.DMA1_Stream0_IRQHandler  stm32f4xx_it.o
    0x08000fbc   0x08000fbc   0x0000000c   Code   RO          178    .text.DMA1_Stream2_IRQHandler  stm32f4xx_it.o
    0x08000fc8   0x08000fc8   0x0000000c   Code   RO          180    .text.DMA1_Stream4_IRQHandler  stm32f4xx_it.o
    0x08000fd4   0x08000fd4   0x0000000c   Code   RO          190    .text.DMA1_Stream7_IRQHandler  stm32f4xx_it.o
    0x08000fe0   0x08000fe0   0x0000000c   Code   RO          204    .text.DMA2_Stream6_IRQHandler  stm32f4xx_it.o
    0x08000fec   0x08000fec   0x0000000c   Code   RO          206    .text.DMA2_Stream7_IRQHandler  stm32f4xx_it.o
    0x08000ff8   0x08000ff8   0x00000002   Code   RO          170    .text.DebugMon_Handler  stm32f4xx_it.o
    0x08000ffa   0x08000ffa   0x00000002   PAD
    0x08000ffc   0x08000ffc   0x0000007c   Code   RO          188    .text.EXTI15_10_IRQHandler  stm32f4xx_it.o
    0x08001078   0x08001078   0x0000000a   Code   RO           17    .text.Error_Handler  main.o
    0x08001082   0x08001082   0x00000002   PAD
    0x08001084   0x08001084   0x00000140   Code   RO          984    .text.HAL_ADC_ConfigChannel  stm32f4xx_hal_adc.o
    0x080011c4   0x080011c4   0x0000015e   Code   RO          942    .text.HAL_ADC_Init  stm32f4xx_hal_adc.o
    0x08001322   0x08001322   0x00000002   PAD
    0x08001324   0x08001324   0x00000064   Code   RO           40    .text.HAL_ADC_MspInit  adc.o
    0x08001388   0x08001388   0x000000bc   Code   RO         1059    .text.HAL_CAN_AddTxMessage  stm32f4xx_hal_can.o
    0x08001444   0x08001444   0x00000002   Code   RO         1103    .text.HAL_CAN_ErrorCallback  stm32f4xx_hal_can.o
    0x08001446   0x08001446   0x00000002   PAD
    0x08001448   0x08001448   0x0000011e   Code   RO         1069    .text.HAL_CAN_GetRxMessage  stm32f4xx_hal_can.o
    0x08001566   0x08001566   0x00000002   PAD
    0x08001568   0x08001568   0x0000025e   Code   RO         1077    .text.HAL_CAN_IRQHandler  stm32f4xx_hal_can.o
    0x080017c6   0x080017c6   0x00000002   PAD
    0x080017c8   0x080017c8   0x000000f4   Code   RO         1039    .text.HAL_CAN_Init  stm32f4xx_hal_can.o
    0x080018bc   0x080018bc   0x0000015a   Code   RO           57    .text.HAL_CAN_MspInit  can.o
    0x08001a16   0x08001a16   0x00000002   PAD
    0x08001a18   0x08001a18   0x00000002   Code   RO         1091    .text.HAL_CAN_RxFifo0FullCallback  stm32f4xx_hal_can.o
    0x08001a1a   0x08001a1a   0x00000002   PAD
    0x08001a1c   0x08001a1c   0x00000088   Code   RO         1884    .text.HAL_CAN_RxFifo0MsgPendingCallback  bsp_can.o
    0x08001aa4   0x08001aa4   0x00000002   Code   RO         1095    .text.HAL_CAN_RxFifo1FullCallback  stm32f4xx_hal_can.o
    0x08001aa6   0x08001aa6   0x00000002   PAD
    0x08001aa8   0x08001aa8   0x00000002   Code   RO         1097    .text.HAL_CAN_RxFifo1MsgPendingCallback  stm32f4xx_hal_can.o
    0x08001aaa   0x08001aaa   0x00000002   PAD
    0x08001aac   0x08001aac   0x00000002   Code   RO         1099    .text.HAL_CAN_SleepCallback  stm32f4xx_hal_can.o
    0x08001aae   0x08001aae   0x00000002   PAD
    0x08001ab0   0x08001ab0   0x00000002   Code   RO         1081    .text.HAL_CAN_TxMailbox0AbortCallback  stm32f4xx_hal_can.o
    0x08001ab2   0x08001ab2   0x00000002   PAD
    0x08001ab4   0x08001ab4   0x00000002   Code   RO         1079    .text.HAL_CAN_TxMailbox0CompleteCallback  stm32f4xx_hal_can.o
    0x08001ab6   0x08001ab6   0x00000002   PAD
    0x08001ab8   0x08001ab8   0x00000002   Code   RO         1085    .text.HAL_CAN_TxMailbox1AbortCallback  stm32f4xx_hal_can.o
    0x08001aba   0x08001aba   0x00000002   PAD
    0x08001abc   0x08001abc   0x00000002   Code   RO         1083    .text.HAL_CAN_TxMailbox1CompleteCallback  stm32f4xx_hal_can.o
    0x08001abe   0x08001abe   0x00000002   PAD
    0x08001ac0   0x08001ac0   0x00000002   Code   RO         1089    .text.HAL_CAN_TxMailbox2AbortCallback  stm32f4xx_hal_can.o
    0x08001ac2   0x08001ac2   0x00000002   PAD
    0x08001ac4   0x08001ac4   0x00000002   Code   RO         1087    .text.HAL_CAN_TxMailbox2CompleteCallback  stm32f4xx_hal_can.o
    0x08001ac6   0x08001ac6   0x00000002   PAD
    0x08001ac8   0x08001ac8   0x00000002   Code   RO         1101    .text.HAL_CAN_WakeUpFromRxMsgCallback  stm32f4xx_hal_can.o
    0x08001aca   0x08001aca   0x00000002   PAD
    0x08001acc   0x08001acc   0x00000092   Code   RO          719    .text.HAL_DMA_Abort  stm32f4xx_hal_dma.o
    0x08001b5e   0x08001b5e   0x00000002   PAD
    0x08001b60   0x08001b60   0x00000024   Code   RO          721    .text.HAL_DMA_Abort_IT  stm32f4xx_hal_dma.o
    0x08001b84   0x08001b84   0x000001c0   Code   RO          725    .text.HAL_DMA_IRQHandler  stm32f4xx_hal_dma.o
    0x08001d44   0x08001d44   0x00000162   Code   RO          711    .text.HAL_DMA_Init  stm32f4xx_hal_dma.o
    0x08001ea6   0x08001ea6   0x00000002   PAD
    0x08001ea8   0x08001ea8   0x0000009e   Code   RO          717    .text.HAL_DMA_Start_IT  stm32f4xx_hal_dma.o
    0x08001f46   0x08001f46   0x00000002   PAD
    0x08001f48   0x08001f48   0x00000028   Code   RO          872    .text.HAL_Delay     stm32f4xx_hal.o
    0x08001f70   0x08001f70   0x00000002   Code   RO          687    .text.HAL_GPIO_EXTI_Callback  stm32f4xx_hal_gpio.o
    0x08001f72   0x08001f72   0x00000002   PAD
    0x08001f74   0x08001f74   0x00000016   Code   RO          685    .text.HAL_GPIO_EXTI_IRQHandler  stm32f4xx_hal_gpio.o
    0x08001f8a   0x08001f8a   0x00000002   PAD
    0x08001f8c   0x08001f8c   0x000001ba   Code   RO          673    .text.HAL_GPIO_Init  stm32f4xx_hal_gpio.o
    0x08002146   0x08002146   0x00000002   PAD
    0x08002148   0x08002148   0x0000000a   Code   RO          677    .text.HAL_GPIO_ReadPin  stm32f4xx_hal_gpio.o
    0x08002152   0x08002152   0x00000002   PAD
    0x08002154   0x08002154   0x00000010   Code   RO          681    .text.HAL_GPIO_TogglePin  stm32f4xx_hal_gpio.o
    0x08002164   0x08002164   0x0000000a   Code   RO          679    .text.HAL_GPIO_WritePin  stm32f4xx_hal_gpio.o
    0x0800216e   0x0800216e   0x00000002   PAD
    0x08002170   0x08002170   0x0000000c   Code   RO          864    .text.HAL_GetTick   stm32f4xx_hal.o
    0x0800217c   0x0800217c   0x0000001a   Code   RO          862    .text.HAL_IncTick   stm32f4xx_hal.o
    0x08002196   0x08002196   0x00000002   PAD
    0x08002198   0x08002198   0x00000036   Code   RO          852    .text.HAL_Init      stm32f4xx_hal.o
    0x080021ce   0x080021ce   0x00000002   PAD
    0x080021d0   0x080021d0   0x00000048   Code   RO          854    .text.HAL_InitTick  stm32f4xx_hal.o
    0x08002218   0x08002218   0x00000038   Code   RO          218    .text.HAL_MspInit   stm32f4xx_hal_msp.o
    0x08002250   0x08002250   0x00000020   Code   RO          810    .text.HAL_NVIC_EnableIRQ  stm32f4xx_hal_cortex.o
    0x08002270   0x08002270   0x00000056   Code   RO          808    .text.HAL_NVIC_SetPriority  stm32f4xx_hal_cortex.o
    0x080022c6   0x080022c6   0x00000002   PAD
    0x080022c8   0x080022c8   0x00000020   Code   RO          806    .text.HAL_NVIC_SetPriorityGrouping  stm32f4xx_hal_cortex.o
    0x080022e8   0x080022e8   0x00000002   Code   RO          447    .text.HAL_PCDEx_LPM_Callback  stm32f4xx_hal_pcd_ex.o
    0x080022ea   0x080022ea   0x00000002   PAD
    0x080022ec   0x080022ec   0x00000008   Code   RO          445    .text.HAL_PCDEx_SetRxFiFo  stm32f4xx_hal_pcd_ex.o
    0x080022f4   0x080022f4   0x000000ea   Code   RO          443    .text.HAL_PCDEx_SetTxFiFo  stm32f4xx_hal_pcd_ex.o
    0x080023de   0x080023de   0x00000002   PAD
    0x080023e0   0x080023e0   0x00000008   Code   RO          315    .text.HAL_PCD_ConnectCallback  usbd_conf.o
    0x080023e8   0x080023e8   0x00000014   Code   RO          301    .text.HAL_PCD_DataInStageCallback  usbd_conf.o
    0x080023fc   0x080023fc   0x00000016   Code   RO          299    .text.HAL_PCD_DataOutStageCallback  usbd_conf.o
    0x08002412   0x08002412   0x00000002   PAD
    0x08002414   0x08002414   0x00000008   Code   RO          317    .text.HAL_PCD_DisconnectCallback  usbd_conf.o
    0x0800241c   0x0800241c   0x0000004c   Code   RO          413    .text.HAL_PCD_EP_Close  stm32f4xx_hal_pcd.o
    0x08002468   0x08002468   0x00000064   Code   RO          423    .text.HAL_PCD_EP_ClrStall  stm32f4xx_hal_pcd.o
    0x080024cc   0x080024cc   0x00000012   Code   RO          417    .text.HAL_PCD_EP_GetRxCount  stm32f4xx_hal_pcd.o
    0x080024de   0x080024de   0x00000002   PAD
    0x080024e0   0x080024e0   0x00000060   Code   RO          411    .text.HAL_PCD_EP_Open  stm32f4xx_hal_pcd.o
    0x08002540   0x08002540   0x0000004c   Code   RO          415    .text.HAL_PCD_EP_Receive  stm32f4xx_hal_pcd.o
    0x0800258c   0x0800258c   0x00000078   Code   RO          421    .text.HAL_PCD_EP_SetStall  stm32f4xx_hal_pcd.o
    0x08002604   0x08002604   0x00000044   Code   RO          419    .text.HAL_PCD_EP_Transmit  stm32f4xx_hal_pcd.o
    0x08002648   0x08002648   0x0000092e   Code   RO          377    .text.HAL_PCD_IRQHandler  stm32f4xx_hal_pcd.o
    0x08002f76   0x08002f76   0x00000002   PAD
    0x08002f78   0x08002f78   0x00000008   Code   RO          313    .text.HAL_PCD_ISOINIncompleteCallback  usbd_conf.o
    0x08002f80   0x08002f80   0x00000008   Code   RO          311    .text.HAL_PCD_ISOOUTIncompleteCallback  usbd_conf.o
    0x08002f88   0x08002f88   0x0000013e   Code   RO          365    .text.HAL_PCD_Init  stm32f4xx_hal_pcd.o
    0x080030c6   0x080030c6   0x00000002   PAD
    0x080030c8   0x080030c8   0x0000007e   Code   RO          293    .text.HAL_PCD_MspInit  usbd_conf.o
    0x08003146   0x08003146   0x00000002   PAD
    0x08003148   0x08003148   0x0000002a   Code   RO          305    .text.HAL_PCD_ResetCallback  usbd_conf.o
    0x08003172   0x08003172   0x00000002   PAD
    0x08003174   0x08003174   0x00000008   Code   RO          309    .text.HAL_PCD_ResumeCallback  usbd_conf.o
    0x0800317c   0x0800317c   0x00000008   Code   RO          303    .text.HAL_PCD_SOFCallback  usbd_conf.o
    0x08003184   0x08003184   0x00000028   Code   RO          409    .text.HAL_PCD_SetAddress  stm32f4xx_hal_pcd.o
    0x080031ac   0x080031ac   0x0000000e   Code   RO          297    .text.HAL_PCD_SetupStageCallback  usbd_conf.o
    0x080031ba   0x080031ba   0x00000002   PAD
    0x080031bc   0x080031bc   0x0000003e   Code   RO          373    .text.HAL_PCD_Start  stm32f4xx_hal_pcd.o
    0x080031fa   0x080031fa   0x00000002   PAD
    0x080031fc   0x080031fc   0x00000034   Code   RO          307    .text.HAL_PCD_SuspendCallback  usbd_conf.o
    0x08003230   0x08003230   0x00000160   Code   RO          567    .text.HAL_RCC_ClockConfig  stm32f4xx_hal_rcc.o
    0x08003390   0x08003390   0x0000000c   Code   RO          577    .text.HAL_RCC_GetHCLKFreq  stm32f4xx_hal_rcc.o
    0x0800339c   0x0800339c   0x00000026   Code   RO          579    .text.HAL_RCC_GetPCLK1Freq  stm32f4xx_hal_rcc.o
    0x080033c2   0x080033c2   0x00000002   PAD
    0x080033c4   0x080033c4   0x00000026   Code   RO          581    .text.HAL_RCC_GetPCLK2Freq  stm32f4xx_hal_rcc.o
    0x080033ea   0x080033ea   0x00000002   PAD
    0x080033ec   0x080033ec   0x0000006c   Code   RO          569    .text.HAL_RCC_GetSysClockFreq  stm32f4xx_hal_rcc.o
    0x08003458   0x08003458   0x00000378   Code   RO          565    .text.HAL_RCC_OscConfig  stm32f4xx_hal_rcc.o
    0x080037d0   0x080037d0   0x000000b4   Code   RO         1119    .text.HAL_SPI_Init  stm32f4xx_hal_spi.o
    0x08003884   0x08003884   0x0000006a   Code   RO           83    .text.HAL_SPI_MspInit  spi.o
    0x080038ee   0x080038ee   0x00000002   PAD
    0x080038f0   0x080038f0   0x00000318   Code   RO         1131    .text.HAL_SPI_TransmitReceive  stm32f4xx_hal_spi.o
    0x08003c08   0x08003c08   0x0000002c   Code   RO          818    .text.HAL_SYSTICK_Config  stm32f4xx_hal_cortex.o
    0x08003c34   0x08003c34   0x00000002   Code   RO         1538    .text.HAL_TIMEx_BreakCallback  stm32f4xx_hal_tim_ex.o
    0x08003c36   0x08003c36   0x00000002   PAD
    0x08003c38   0x08003c38   0x00000002   Code   RO         1534    .text.HAL_TIMEx_CommutCallback  stm32f4xx_hal_tim_ex.o
    0x08003c3a   0x08003c3a   0x00000002   PAD
    0x08003c3c   0x08003c3c   0x000000b6   Code   RO         1528    .text.HAL_TIMEx_MasterConfigSynchronization  stm32f4xx_hal_tim_ex.o
    0x08003cf2   0x08003cf2   0x00000002   PAD
    0x08003cf4   0x08003cf4   0x0000005a   Code   RO         1233    .text.HAL_TIM_Base_Init  stm32f4xx_hal_tim.o
    0x08003d4e   0x08003d4e   0x00000002   PAD
    0x08003d50   0x08003d50   0x000000be   Code   RO          106    .text.HAL_TIM_Base_MspInit  tim.o
    0x08003e0e   0x08003e0e   0x00000002   PAD
    0x08003e10   0x08003e10   0x000000aa   Code   RO         1247    .text.HAL_TIM_Base_Start_IT  stm32f4xx_hal_tim.o
    0x08003eba   0x08003eba   0x00000002   PAD
    0x08003ebc   0x08003ebc   0x0000003c   Code   RO         1249    .text.HAL_TIM_Base_Stop_IT  stm32f4xx_hal_tim.o
    0x08003ef8   0x08003ef8   0x0000019c   Code   RO         1413    .text.HAL_TIM_ConfigClockSource  stm32f4xx_hal_tim.o
    0x08004094   0x08004094   0x00000002   Code   RO         1369    .text.HAL_TIM_IC_CaptureCallback  stm32f4xx_hal_tim.o
    0x08004096   0x08004096   0x00000002   PAD
    0x08004098   0x08004098   0x00000170   Code   RO         1367    .text.HAL_TIM_IRQHandler  stm32f4xx_hal_tim.o
    0x08004208   0x08004208   0x00000002   Code   RO         1371    .text.HAL_TIM_OC_DelayElapsedCallback  stm32f4xx_hal_tim.o
    0x0800420a   0x0800420a   0x00000002   PAD
    0x0800420c   0x0800420c   0x00000222   Code   RO         1387    .text.HAL_TIM_PWM_ConfigChannel  stm32f4xx_hal_tim.o
    0x0800442e   0x0800442e   0x00000002   PAD
    0x08004430   0x08004430   0x0000005a   Code   RO         1287    .text.HAL_TIM_PWM_Init  stm32f4xx_hal_tim.o
    0x0800448a   0x0800448a   0x00000002   PAD
    0x0800448c   0x0800448c   0x00000002   Code   RO         1289    .text.HAL_TIM_PWM_MspInit  stm32f4xx_hal_tim.o
    0x0800448e   0x0800448e   0x00000002   PAD
    0x08004490   0x08004490   0x00000002   Code   RO         1373    .text.HAL_TIM_PWM_PulseFinishedCallback  stm32f4xx_hal_tim.o
    0x08004492   0x08004492   0x00000002   PAD
    0x08004494   0x08004494   0x00000002   Code   RO         1375    .text.HAL_TIM_PeriodElapsedCallback  stm32f4xx_hal_tim.o
    0x08004496   0x08004496   0x00000002   PAD
    0x08004498   0x08004498   0x00000002   Code   RO         1377    .text.HAL_TIM_TriggerCallback  stm32f4xx_hal_tim.o
    0x0800449a   0x0800449a   0x00000002   PAD
    0x0800449c   0x0800449c   0x00000002   Code   RO         1636    .text.HAL_UARTEx_RxEventCallback  stm32f4xx_hal_uart.o
    0x0800449e   0x0800449e   0x00000002   PAD
    0x080044a0   0x080044a0   0x00000002   Code   RO         1634    .text.HAL_UART_ErrorCallback  stm32f4xx_hal_uart.o
    0x080044a2   0x080044a2   0x00000002   PAD
    0x080044a4   0x080044a4   0x00000558   Code   RO         1628    .text.HAL_UART_IRQHandler  stm32f4xx_hal_uart.o
    0x080049fc   0x080049fc   0x0000005e   Code   RO         1552    .text.HAL_UART_Init  stm32f4xx_hal_uart.o
    0x08004a5a   0x08004a5a   0x00000002   PAD
    0x08004a5c   0x08004a5c   0x000004b0   Code   RO          134    .text.HAL_UART_MspInit  usart.o
    0x08004f0c   0x08004f0c   0x00000174   Code   RO         1586    .text.HAL_UART_Receive_DMA  stm32f4xx_hal_uart.o
    0x08005080   0x08005080   0x00000016   Code   RO           11    .text.HAL_UART_RxCpltCallback  main.o
    0x08005096   0x08005096   0x00000002   PAD
    0x08005098   0x08005098   0x00000002   Code   RO         1644    .text.HAL_UART_RxHalfCpltCallback  stm32f4xx_hal_uart.o
    0x0800509a   0x0800509a   0x00000002   PAD
    0x0800509c   0x0800509c   0x0000027e   Code   RO         1568    .text.HAL_UART_Transmit  stm32f4xx_hal_uart.o
    0x0800531a   0x0800531a   0x00000002   PAD
    0x0800531c   0x0800531c   0x00000002   Code   RO         1638    .text.HAL_UART_TxCpltCallback  stm32f4xx_hal_uart.o
    0x0800531e   0x0800531e   0x00000002   PAD
    0x08005320   0x08005320   0x00000002   Code   RO          160    .text.HardFault_Handler  stm32f4xx_it.o
    0x08005322   0x08005322   0x00000002   PAD
    0x08005324   0x08005324   0x0000006c   Code   RO           38    .text.MX_ADC1_Init  adc.o
    0x08005390   0x08005390   0x00000048   Code   RO           53    .text.MX_CAN1_Init  can.o
    0x080053d8   0x080053d8   0x00000044   Code   RO           55    .text.MX_CAN2_Init  can.o
    0x0800541c   0x0800541c   0x0000009c   Code   RO           72    .text.MX_DMA_Init   dma.o
    0x080054b8   0x080054b8   0x0000015c   Code   RO           29    .text.MX_GPIO_Init  gpio.o
    0x08005614   0x08005614   0x0000004c   Code   RO           81    .text.MX_SPI1_Init  spi.o
    0x08005660   0x08005660   0x00000158   Code   RO          104    .text.MX_TIM12_Init  tim.o
    0x080057b8   0x080057b8   0x00000174   Code   RO           96    .text.MX_TIM4_Init  tim.o
    0x0800592c   0x0800592c   0x00000174   Code   RO          100    .text.MX_TIM5_Init  tim.o
    0x08005aa0   0x08005aa0   0x00000050   Code   RO          102    .text.MX_TIM6_Init  tim.o
    0x08005af0   0x08005af0   0x0000003c   Code   RO          122    .text.MX_UART4_Init  usart.o
    0x08005b2c   0x08005b2c   0x0000003c   Code   RO          124    .text.MX_UART5_Init  usart.o
    0x08005b68   0x08005b68   0x00000040   Code   RO          126    .text.MX_USART1_UART_Init  usart.o
    0x08005ba8   0x08005ba8   0x0000003c   Code   RO          128    .text.MX_USART2_UART_Init  usart.o
    0x08005be4   0x08005be4   0x0000003c   Code   RO          130    .text.MX_USART3_UART_Init  usart.o
    0x08005c20   0x08005c20   0x00000040   Code   RO          132    .text.MX_USART6_UART_Init  usart.o
    0x08005c60   0x08005c60   0x00000072   Code   RO          226    .text.MX_USB_DEVICE_Init  usb_device.o
    0x08005cd2   0x08005cd2   0x00000002   PAD
    0x08005cd4   0x08005cd4   0x000002f0   Code   RO         2134    .text.MahonyAHRSupdateIMU  mahonyahrs.o
    0x08005fc4   0x08005fc4   0x00000002   Code   RO          162    .text.MemManage_Handler  stm32f4xx_it.o
    0x08005fc6   0x08005fc6   0x00000002   PAD
    0x08005fc8   0x08005fc8   0x00000002   Code   RO          158    .text.NMI_Handler   stm32f4xx_it.o
    0x08005fca   0x08005fca   0x00000002   PAD
    0x08005fcc   0x08005fcc   0x0000000c   Code   RO          202    .text.OTG_FS_IRQHandler  stm32f4xx_it.o
    0x08005fd8   0x08005fd8   0x00000002   Code   RO          172    .text.PendSV_Handler  stm32f4xx_it.o
    0x08005fda   0x08005fda   0x00000002   PAD
    0x08005fdc   0x08005fdc   0x000000e4   Code   RO         1223    .text.SPI_WaitFlagStateUntilTimeout  stm32f4xx_hal_spi.o
    0x080060c0   0x080060c0   0x00000002   Code   RO          168    .text.SVC_Handler   stm32f4xx_it.o
    0x080060c2   0x080060c2   0x00000002   PAD
    0x080060c4   0x080060c4   0x00000004   Code   RO          174    .text.SysTick_Handler  stm32f4xx_it.o
    0x080060c8   0x080060c8   0x000000b0   Code   RO           15    .text.SystemClock_Config  main.o
    0x08006178   0x08006178   0x00000012   Code   RO         1672    .text.SystemInit    system_stm32f4xx.o
    0x0800618a   0x0800618a   0x00000002   PAD
    0x0800618c   0x0800618c   0x000000ac   Code   RO          196    .text.TIM6_DAC_IRQHandler  stm32f4xx_it.o
    0x08006238   0x08006238   0x0000013c   Code   RO         1237    .text.TIM_Base_SetConfig  stm32f4xx_hal_tim.o
    0x08006374   0x08006374   0x0000000c   Code   RO          192    .text.UART4_IRQHandler  stm32f4xx_it.o
    0x08006380   0x08006380   0x0000000c   Code   RO          194    .text.UART5_IRQHandler  stm32f4xx_it.o
    0x0800638c   0x0800638c   0x0000000c   Code   RO         1632    .text.UART_DMAAbortOnError  stm32f4xx_hal_uart.o
    0x08006398   0x08006398   0x0000017c   Code   RO         1584    .text.UART_DMAError  stm32f4xx_hal_uart.o
    0x08006514   0x08006514   0x0000015a   Code   RO         1660    .text.UART_DMAReceiveCplt  stm32f4xx_hal_uart.o
    0x0800666e   0x0800666e   0x00000002   PAD
    0x08006670   0x08006670   0x00000014   Code   RO         1662    .text.UART_DMARxHalfCplt  stm32f4xx_hal_uart.o
    0x08006684   0x08006684   0x000000fe   Code   RO         1630    .text.UART_Receive_IT  stm32f4xx_hal_uart.o
    0x08006782   0x08006782   0x00000002   PAD
    0x08006784   0x08006784   0x000000e2   Code   RO         1556    .text.UART_SetConfig  stm32f4xx_hal_uart.o
    0x08006866   0x08006866   0x00000002   PAD
    0x08006868   0x08006868   0x0000000c   Code   RO          186    .text.USART1_IRQHandler  stm32f4xx_it.o
    0x08006874   0x08006874   0x0000000c   Code   RO          208    .text.USART6_IRQHandler  stm32f4xx_it.o
    0x08006880   0x08006880   0x00000076   Code   RO         1794    .text.USBD_CDC_DataIn  usbd_cdc.o
    0x080068f6   0x080068f6   0x00000002   PAD
    0x080068f8   0x080068f8   0x0000003c   Code   RO         1796    .text.USBD_CDC_DataOut  usbd_cdc.o
    0x08006934   0x08006934   0x0000005a   Code   RO         1788    .text.USBD_CDC_DeInit  usbd_cdc.o
    0x0800698e   0x0800698e   0x00000002   PAD
    0x08006990   0x08006990   0x0000003c   Code   RO         1792    .text.USBD_CDC_EP0_RxReady  usbd_cdc.o
    0x080069cc   0x080069cc   0x00000010   Code   RO         1804    .text.USBD_CDC_GetDeviceQualifierDescriptor  usbd_cdc.o
    0x080069dc   0x080069dc   0x00000052   Code   RO         1800    .text.USBD_CDC_GetFSCfgDesc  usbd_cdc.o
    0x08006a2e   0x08006a2e   0x00000002   PAD
    0x08006a30   0x08006a30   0x00000056   Code   RO         1798    .text.USBD_CDC_GetHSCfgDesc  usbd_cdc.o
    0x08006a86   0x08006a86   0x00000002   PAD
    0x08006a88   0x08006a88   0x00000052   Code   RO         1802    .text.USBD_CDC_GetOtherSpeedCfgDesc  usbd_cdc.o
    0x08006ada   0x08006ada   0x00000002   PAD
    0x08006adc   0x08006adc   0x000000d6   Code   RO         1786    .text.USBD_CDC_Init  usbd_cdc.o
    0x08006bb2   0x08006bb2   0x00000002   PAD
    0x08006bb4   0x08006bb4   0x00000034   Code   RO         1814    .text.USBD_CDC_ReceivePacket  usbd_cdc.o
    0x08006be8   0x08006be8   0x00000018   Code   RO         1806    .text.USBD_CDC_RegisterInterface  usbd_cdc.o
    0x08006c00   0x08006c00   0x0000001a   Code   RO         1810    .text.USBD_CDC_SetRxBuffer  usbd_cdc.o
    0x08006c1a   0x08006c1a   0x00000002   PAD
    0x08006c1c   0x08006c1c   0x0000001e   Code   RO         1808    .text.USBD_CDC_SetTxBuffer  usbd_cdc.o
    0x08006c3a   0x08006c3a   0x00000002   PAD
    0x08006c3c   0x08006c3c   0x000000fc   Code   RO         1790    .text.USBD_CDC_Setup  usbd_cdc.o
    0x08006d38   0x08006d38   0x0000003e   Code   RO         1812    .text.USBD_CDC_TransmitPacket  usbd_cdc.o
    0x08006d76   0x08006d76   0x00000002   PAD
    0x08006d78   0x08006d78   0x00000012   Code   RO         1701    .text.USBD_ClrClassConfig  usbd_core.o
    0x08006d8a   0x08006d8a   0x00000002   PAD
    0x08006d8c   0x08006d8c   0x00000004   Code   RO         1709    .text.USBD_CoreFindEP  usbd_core.o
    0x08006d90   0x08006d90   0x00000004   Code   RO         1707    .text.USBD_CoreFindIF  usbd_core.o
    0x08006d94   0x08006d94   0x00000010   Code   RO         1770    .text.USBD_CtlContinueRx  usbd_ioreq.o
    0x08006da4   0x08006da4   0x00000010   Code   RO         1766    .text.USBD_CtlContinueSendData  usbd_ioreq.o
    0x08006db4   0x08006db4   0x00000016   Code   RO         1745    .text.USBD_CtlError  usbd_ctlreq.o
    0x08006dca   0x08006dca   0x00000002   PAD
    0x08006dcc   0x08006dcc   0x0000001a   Code   RO         1768    .text.USBD_CtlPrepareRx  usbd_ioreq.o
    0x08006de6   0x08006de6   0x00000002   PAD
    0x08006de8   0x08006de8   0x00000016   Code   RO         1774    .text.USBD_CtlReceiveStatus  usbd_ioreq.o
    0x08006dfe   0x08006dfe   0x00000002   PAD
    0x08006e00   0x08006e00   0x0000001a   Code   RO         1764    .text.USBD_CtlSendData  usbd_ioreq.o
    0x08006e1a   0x08006e1a   0x00000002   PAD
    0x08006e1c   0x08006e1c   0x00000016   Code   RO         1772    .text.USBD_CtlSendStatus  usbd_ioreq.o
    0x08006e32   0x08006e32   0x00000002   PAD
    0x08006e34   0x08006e34   0x00000024   Code   RO          245    .text.USBD_FS_ConfigStrDescriptor  usbd_desc.o
    0x08006e58   0x08006e58   0x0000000e   Code   RO          235    .text.USBD_FS_DeviceDescriptor  usbd_desc.o
    0x08006e66   0x08006e66   0x00000002   PAD
    0x08006e68   0x08006e68   0x00000028   Code   RO          247    .text.USBD_FS_InterfaceStrDescriptor  usbd_desc.o
    0x08006e90   0x08006e90   0x0000000e   Code   RO          237    .text.USBD_FS_LangIDStrDescriptor  usbd_desc.o
    0x08006e9e   0x08006e9e   0x00000002   PAD
    0x08006ea0   0x08006ea0   0x0000002c   Code   RO          239    .text.USBD_FS_ManufacturerStrDescriptor  usbd_desc.o
    0x08006ecc   0x08006ecc   0x00000030   Code   RO          241    .text.USBD_FS_ProductStrDescriptor  usbd_desc.o
    0x08006efc   0x08006efc   0x0000016c   Code   RO          243    .text.USBD_FS_SerialStrDescriptor  usbd_desc.o
    0x08007068   0x08007068   0x00000040   Code   RO         1731    .text.USBD_GetEpDesc  usbd_core.o
    0x080070a8   0x080070a8   0x000000da   Code   RO         1753    .text.USBD_GetString  usbd_ctlreq.o
    0x08007182   0x08007182   0x00000002   PAD
    0x08007184   0x08007184   0x0000002a   Code   RO         1687    .text.USBD_Init     usbd_core.o
    0x080071ae   0x080071ae   0x00000002   PAD
    0x080071b0   0x080071b0   0x00000022   Code   RO          337    .text.USBD_LL_ClearStallEP  usbd_conf.o
    0x080071d2   0x080071d2   0x00000002   PAD
    0x080071d4   0x080071d4   0x00000022   Code   RO          331    .text.USBD_LL_CloseEP  usbd_conf.o
    0x080071f6   0x080071f6   0x00000002   PAD
    0x080071f8   0x080071f8   0x000000b6   Code   RO         1711    .text.USBD_LL_DataInStage  usbd_core.o
    0x080072ae   0x080072ae   0x00000002   PAD
    0x080072b0   0x080072b0   0x00000078   Code   RO         1705    .text.USBD_LL_DataOutStage  usbd_core.o
    0x08007328   0x08007328   0x00000004   Code   RO         1727    .text.USBD_LL_DevConnected  usbd_core.o
    0x0800732c   0x0800732c   0x00000020   Code   RO         1729    .text.USBD_LL_DevDisconnected  usbd_core.o
    0x0800734c   0x0800734c   0x00000008   Code   RO          347    .text.USBD_LL_GetRxDataSize  usbd_conf.o
    0x08007354   0x08007354   0x00000070   Code   RO          319    .text.USBD_LL_Init  usbd_conf.o
    0x080073c4   0x080073c4   0x00000020   Code   RO          339    .text.USBD_LL_IsStallEP  usbd_conf.o
    0x080073e4   0x080073e4   0x00000028   Code   RO         1723    .text.USBD_LL_IsoINIncomplete  usbd_core.o
    0x0800740c   0x0800740c   0x00000028   Code   RO         1725    .text.USBD_LL_IsoOUTIncomplete  usbd_core.o
    0x08007434   0x08007434   0x00000028   Code   RO          329    .text.USBD_LL_OpenEP  usbd_conf.o
    0x0800745c   0x0800745c   0x00000022   Code   RO          345    .text.USBD_LL_PrepareReceive  usbd_conf.o
    0x0800747e   0x0800747e   0x00000002   PAD
    0x08007480   0x08007480   0x00000066   Code   RO         1713    .text.USBD_LL_Reset  usbd_core.o
    0x080074e6   0x080074e6   0x00000002   PAD
    0x080074e8   0x080074e8   0x00000014   Code   RO         1719    .text.USBD_LL_Resume  usbd_core.o
    0x080074fc   0x080074fc   0x0000001c   Code   RO         1721    .text.USBD_LL_SOF   usbd_core.o
    0x08007518   0x08007518   0x00000008   Code   RO         1715    .text.USBD_LL_SetSpeed  usbd_core.o
    0x08007520   0x08007520   0x00000022   Code   RO          341    .text.USBD_LL_SetUSBAddress  usbd_conf.o
    0x08007542   0x08007542   0x00000002   PAD
    0x08007544   0x08007544   0x00000062   Code   RO         1703    .text.USBD_LL_SetupStage  usbd_core.o
    0x080075a6   0x080075a6   0x00000002   PAD
    0x080075a8   0x080075a8   0x00000022   Code   RO          335    .text.USBD_LL_StallEP  usbd_conf.o
    0x080075ca   0x080075ca   0x00000002   PAD
    0x080075cc   0x080075cc   0x00000022   Code   RO          325    .text.USBD_LL_Start  usbd_conf.o
    0x080075ee   0x080075ee   0x00000002   PAD
    0x080075f0   0x080075f0   0x00000014   Code   RO         1717    .text.USBD_LL_Suspend  usbd_core.o
    0x08007604   0x08007604   0x00000022   Code   RO          343    .text.USBD_LL_Transmit  usbd_conf.o
    0x08007626   0x08007626   0x00000002   PAD
    0x08007628   0x08007628   0x00000016   Code   RO         1751    .text.USBD_ParseSetupRequest  usbd_ctlreq.o
    0x0800763e   0x0800763e   0x00000002   PAD
    0x08007640   0x08007640   0x00000042   Code   RO         1691    .text.USBD_RegisterClass  usbd_core.o
    0x08007682   0x08007682   0x00000002   PAD
    0x08007684   0x08007684   0x00000010   Code   RO         1699    .text.USBD_SetClassConfig  usbd_core.o
    0x08007694   0x08007694   0x00000004   Code   RO         1693    .text.USBD_Start    usbd_core.o
    0x08007698   0x08007698   0x00000374   Code   RO         1743    .text.USBD_StdDevReq  usbd_ctlreq.o
    0x08007a0c   0x08007a0c   0x00000176   Code   RO         1749    .text.USBD_StdEPReq  usbd_ctlreq.o
    0x08007b82   0x08007b82   0x00000002   PAD
    0x08007b84   0x08007b84   0x00000094   Code   RO         1747    .text.USBD_StdItfReq  usbd_ctlreq.o
    0x08007c18   0x08007c18   0x00000002   Code   RO          351    .text.USBD_static_free  usbd_conf.o
    0x08007c1a   0x08007c1a   0x00000002   PAD
    0x08007c1c   0x08007c1c   0x0000000a   Code   RO          349    .text.USBD_static_malloc  usbd_conf.o
    0x08007c26   0x08007c26   0x00000002   PAD
    0x08007c28   0x08007c28   0x0000008a   Code   RO          481    .text.USB_ActivateEndpoint  stm32f4xx_ll_usb.o
    0x08007cb2   0x08007cb2   0x00000002   PAD
    0x08007cb4   0x08007cb4   0x00000020   Code   RO          523    .text.USB_ActivateSetup  stm32f4xx_ll_usb.o
    0x08007cd4   0x08007cd4   0x000001de   Code   RO          459    .text.USB_CoreInit  stm32f4xx_ll_usb.o
    0x08007eb2   0x08007eb2   0x00000002   PAD
    0x08007eb4   0x08007eb4   0x00000084   Code   RO          485    .text.USB_DeactivateEndpoint  stm32f4xx_ll_usb.o
    0x08007f38   0x08007f38   0x0000001e   Code   RO          507    .text.USB_DevConnect  stm32f4xx_ll_usb.o
    0x08007f56   0x08007f56   0x00000002   PAD
    0x08007f58   0x08007f58   0x0000001e   Code   RO          509    .text.USB_DevDisconnect  stm32f4xx_ll_usb.o
    0x08007f76   0x08007f76   0x00000002   PAD
    0x08007f78   0x08007f78   0x00000482   Code   RO          471    .text.USB_DevInit   stm32f4xx_ll_usb.o
    0x080083fa   0x080083fa   0x00000002   PAD
    0x080083fc   0x080083fc   0x0000000e   Code   RO          465    .text.USB_DisableGlobalInt  stm32f4xx_ll_usb.o
    0x0800840a   0x0800840a   0x00000002   PAD
    0x0800840c   0x0800840c   0x000000fc   Code   RO          493    .text.USB_EP0StartXfer  stm32f4xx_ll_usb.o
    0x08008508   0x08008508   0x0000005a   Code   RO          525    .text.USB_EP0_OutStart  stm32f4xx_ll_usb.o
    0x08008562   0x08008562   0x00000002   PAD
    0x08008564   0x08008564   0x0000004e   Code   RO          501    .text.USB_EPClearStall  stm32f4xx_ll_usb.o
    0x080085b2   0x080085b2   0x00000002   PAD
    0x080085b4   0x080085b4   0x0000003e   Code   RO          499    .text.USB_EPSetStall  stm32f4xx_ll_usb.o
    0x080085f2   0x080085f2   0x00000002   PAD
    0x080085f4   0x080085f4   0x00000200   Code   RO          489    .text.USB_EPStartXfer  stm32f4xx_ll_usb.o
    0x080087f4   0x080087f4   0x0000010e   Code   RO          495    .text.USB_EPStopXfer  stm32f4xx_ll_usb.o
    0x08008902   0x08008902   0x00000002   PAD
    0x08008904   0x08008904   0x0000000e   Code   RO          463    .text.USB_EnableGlobalInt  stm32f4xx_ll_usb.o
    0x08008912   0x08008912   0x00000002   PAD
    0x08008914   0x08008914   0x000000b6   Code   RO          475    .text.USB_FlushTxFifo  stm32f4xx_ll_usb.o
    0x080089ca   0x080089ca   0x00000002   PAD
    0x080089cc   0x080089cc   0x0000001a   Code   RO          479    .text.USB_GetDevSpeed  stm32f4xx_ll_usb.o
    0x080089e6   0x080089e6   0x00000002   PAD
    0x080089e8   0x080089e8   0x00000008   Code   RO          469    .text.USB_GetMode   stm32f4xx_ll_usb.o
    0x080089f0   0x080089f0   0x0000000e   Code   RO          515    .text.USB_ReadDevAllInEpInterrupt  stm32f4xx_ll_usb.o
    0x080089fe   0x080089fe   0x00000002   PAD
    0x08008a00   0x08008a00   0x0000000e   Code   RO          513    .text.USB_ReadDevAllOutEpInterrupt  stm32f4xx_ll_usb.o
    0x08008a0e   0x08008a0e   0x00000002   PAD
    0x08008a10   0x08008a10   0x00000024   Code   RO          519    .text.USB_ReadDevInEPInterrupt  stm32f4xx_ll_usb.o
    0x08008a34   0x08008a34   0x00000010   Code   RO          517    .text.USB_ReadDevOutEPInterrupt  stm32f4xx_ll_usb.o
    0x08008a44   0x08008a44   0x00000008   Code   RO          511    .text.USB_ReadInterrupts  stm32f4xx_ll_usb.o
    0x08008a4c   0x08008a4c   0x000000aa   Code   RO          497    .text.USB_ReadPacket  stm32f4xx_ll_usb.o
    0x08008af6   0x08008af6   0x00000002   PAD
    0x08008af8   0x08008af8   0x00000064   Code   RO          467    .text.USB_SetCurrentMode  stm32f4xx_ll_usb.o
    0x08008b5c   0x08008b5c   0x00000022   Code   RO          505    .text.USB_SetDevAddress  stm32f4xx_ll_usb.o
    0x08008b7e   0x08008b7e   0x00000002   PAD
    0x08008b80   0x08008b80   0x00000120   Code   RO          461    .text.USB_SetTurnaroundTime  stm32f4xx_ll_usb.o
    0x08008ca0   0x08008ca0   0x00000072   Code   RO          491    .text.USB_WritePacket  stm32f4xx_ll_usb.o
    0x08008d12   0x08008d12   0x00000002   PAD
    0x08008d14   0x08008d14   0x00000002   Code   RO          166    .text.UsageFault_Handler  stm32f4xx_it.o
    0x08008d16   0x08008d16   0x00000002   PAD
    0x08008d18   0x08008d18   0x000000b0   Code   RO         2148    .text.Velocity_PID  pid.o
    0x08008dc8   0x08008dc8   0x000000fc   Code   RO         1988    .text._GLOBAL__sub_I_ros_main.cpp  ros_main.o
    0x08008ec4   0x08008ec4   0x000009a4   Code   RO         2021    .text._ZN11sensor_msgs3Imu11deserializeEPh  ros_main.o
    0x08009868   0x08009868   0x00000028   Code   RO         2025    .text._ZN11sensor_msgs3Imu6getMD5Ev  ros_main.o
    0x08009890   0x08009890   0x00000014   Code   RO         2023    .text._ZN11sensor_msgs3Imu7getTypeEv  ros_main.o
    0x080098a4   0x080098a4   0x00000148   Code   RO         2037    .text._ZN13geometry_msgs10Quaternion11deserializeEPh  ros_main.o
    0x080099ec   0x080099ec   0x00000028   Code   RO         2041    .text._ZN13geometry_msgs10Quaternion6getMD5Ev  ros_main.o
    0x08009a14   0x08009a14   0x00000020   Code   RO         2039    .text._ZN13geometry_msgs10Quaternion7getTypeEv  ros_main.o
    0x08009a34   0x08009a34   0x000000f8   Code   RO         2045    .text._ZN13geometry_msgs7Vector311deserializeEPh  ros_main.o
    0x08009b2c   0x08009b2c   0x00000028   Code   RO         2049    .text._ZN13geometry_msgs7Vector36getMD5Ev  ros_main.o
    0x08009b54   0x08009b54   0x0000001c   Code   RO         2047    .text._ZN13geometry_msgs7Vector37getTypeEv  ros_main.o
    0x08009b70   0x08009b70   0x0000019a   Code   RO         2057    .text._ZN14rosserial_msgs20RequestParamResponse11deserializeEPh  ros_main.o
    0x08009d0a   0x08009d0a   0x00000002   PAD
    0x08009d0c   0x08009d0c   0x00000028   Code   RO         2061    .text._ZN14rosserial_msgs20RequestParamResponse6getMD5Ev  ros_main.o
    0x08009d34   0x08009d34   0x0000000a   Code   RO         2059    .text._ZN14rosserial_msgs20RequestParamResponse7getTypeEv  ros_main.o
    0x08009d3e   0x08009d3e   0x00000002   PAD
    0x08009d40   0x08009d40   0x00000034   Code   RO         2065    .text._ZN14rosserial_msgs3Log11deserializeEPh  ros_main.o
    0x08009d74   0x08009d74   0x00000028   Code   RO         2069    .text._ZN14rosserial_msgs3Log6getMD5Ev  ros_main.o
    0x08009d9c   0x08009d9c   0x00000018   Code   RO         2067    .text._ZN14rosserial_msgs3Log7getTypeEv  ros_main.o
    0x08009db4   0x08009db4   0x0000015e   Code   RO         2083    .text._ZN14rosserial_msgs9TopicInfo11deserializeEPh  ros_main.o
    0x08009f12   0x08009f12   0x00000002   PAD
    0x08009f14   0x08009f14   0x00000028   Code   RO         2087    .text._ZN14rosserial_msgs9TopicInfo6getMD5Ev  ros_main.o
    0x08009f3c   0x08009f3c   0x00000020   Code   RO         2085    .text._ZN14rosserial_msgs9TopicInfo7getTypeEv  ros_main.o
    0x08009f5c   0x08009f5c   0x000000d8   Code   RO         2071    .text._ZN3ros11NodeHandle_I13STM32HardwareLi25ELi25ELi1024ELi1024EE15negotiateTopicsEv  ros_main.o
    0x0800a034   0x0800a034   0x00000160   Code   RO         2051    .text._ZN3ros11NodeHandle_I13STM32HardwareLi25ELi25ELi1024ELi1024EE7publishEiPKNS_3MsgE  ros_main.o
    0x0800a194   0x0800a194   0x00000310   Code   RO         2009    .text._ZN3ros11NodeHandle_I13STM32HardwareLi25ELi25ELi1024ELi1024EE8spinOnceEv  ros_main.o
    0x0800a4a4   0x0800a4a4   0x0000028c   Code   RO         2007    .text._ZN3ros11NodeHandle_I13STM32HardwareLi25ELi25ELi1024ELi1024EE9advertiseERNS_9PublisherE  ros_main.o
    0x0800a730   0x0800a730   0x00000006   Code   RO         2053    .text._ZN3ros11NodeHandle_I13STM32HardwareLi25ELi25ELi1024ELi1024EE9connectedEv  ros_main.o
    0x0800a736   0x0800a736   0x00000002   PAD
    0x0800a738   0x0800a738   0x00000030   Code   RO         2194    .text._ZN3ros16normalizeSecNSecERjS0_  time.o
    0x0800a768   0x0800a768   0x0000003e   Code   RO         2075    .text._ZN8std_msgs4Time11deserializeEPh  ros_main.o
    0x0800a7a6   0x0800a7a6   0x00000002   PAD
    0x0800a7a8   0x0800a7a8   0x00000028   Code   RO         2079    .text._ZN8std_msgs4Time6getMD5Ev  ros_main.o
    0x0800a7d0   0x0800a7d0   0x00000014   Code   RO         2077    .text._ZN8std_msgs4Time7getTypeEv  ros_main.o
    0x0800a7e4   0x0800a7e4   0x00000086   Code   RO         2029    .text._ZN8std_msgs6Header11deserializeEPh  ros_main.o
    0x0800a86a   0x0800a86a   0x00000002   PAD
    0x0800a86c   0x0800a86c   0x00000028   Code   RO         2033    .text._ZN8std_msgs6Header6getMD5Ev  ros_main.o
    0x0800a894   0x0800a894   0x00000014   Code   RO         2031    .text._ZN8std_msgs6Header7getTypeEv  ros_main.o
    0x0800a8a8   0x0800a8a8   0x0000002e   Code   RO         2013    .text._ZN8std_msgs6String11deserializeEPh  ros_main.o
    0x0800a8d6   0x0800a8d6   0x00000002   PAD
    0x0800a8d8   0x0800a8d8   0x00000028   Code   RO         2017    .text._ZN8std_msgs6String6getMD5Ev  ros_main.o
    0x0800a900   0x0800a900   0x00000014   Code   RO         2015    .text._ZN8std_msgs6String7getTypeEv  ros_main.o
    0x0800a914   0x0800a914   0x0000001e   Code   RO         2108    .text._ZN9USBSerial4readEv  usbserial.o
    0x0800a932   0x0800a932   0x00000002   PAD
    0x0800a934   0x0800a934   0x00000004   Code   RO         2102    .text._ZN9USBSerial5beginEj  usbserial.o
    0x0800a938   0x0800a938   0x00000018   Code   RO         2110    .text._ZN9USBSerial5writeEPht  usbserial.o
    0x0800a950   0x0800a950   0x00000004   Code   RO         2106    .text._ZN9USBSerial9availableEv  usbserial.o
    0x0800a954   0x0800a954   0x00000a42   Code   RO         2019    .text._ZNK11sensor_msgs3Imu9serializeEPh  ros_main.o
    0x0800b396   0x0800b396   0x00000002   PAD
    0x0800b398   0x0800b398   0x00000120   Code   RO         2035    .text._ZNK13geometry_msgs10Quaternion9serializeEPh  ros_main.o
    0x0800b4b8   0x0800b4b8   0x000000dc   Code   RO         2043    .text._ZNK13geometry_msgs7Vector39serializeEPh  ros_main.o
    0x0800b594   0x0800b594   0x000000e2   Code   RO         2055    .text._ZNK14rosserial_msgs20RequestParamResponse9serializeEPh  ros_main.o
    0x0800b676   0x0800b676   0x00000002   PAD
    0x0800b678   0x0800b678   0x00000024   Code   RO         2063    .text._ZNK14rosserial_msgs3Log9serializeEPh  ros_main.o
    0x0800b69c   0x0800b69c   0x00000066   Code   RO         2081    .text._ZNK14rosserial_msgs9TopicInfo9serializeEPh  ros_main.o
    0x0800b702   0x0800b702   0x00000002   PAD
    0x0800b704   0x0800b704   0x00000028   Code   RO         2073    .text._ZNK8std_msgs4Time9serializeEPh  ros_main.o
    0x0800b72c   0x0800b72c   0x00000058   Code   RO         2027    .text._ZNK8std_msgs6Header9serializeEPh  ros_main.o
    0x0800b784   0x0800b784   0x00000020   Code   RO         2011    .text._ZNK8std_msgs6String9serializeEPh  ros_main.o
    0x0800b7a4   0x0800b7a4   0x00000250   Code   RO         1829    .text.bmi088_accel_init  bmi088driver.o
    0x0800b9f4   0x0800b9f4   0x00000250   Code   RO         1831    .text.bmi088_gyro_init  bmi088driver.o
    0x0800bc44   0x0800bc44   0x00000168   Code   RO         2128    .text.calculateAngles  mahonyahrs.o
    0x0800bdac   0x0800bdac   0x00000040   Code   RO         1876    .text.canx_send_data  bsp_can.o
    0x0800bdec   0x0800bdec   0x0000004e   Code   RO         2165    .text.change_A1_id  unitree_a1_change_id.o
    0x0800be3a   0x0800be3a   0x00000002   PAD
    0x0800be3c   0x0800be3c   0x00000046   Code   RO         1986    .text.loop          ros_main.o
    0x0800be82   0x0800be82   0x00000002   PAD
    0x0800be84   0x0800be84   0x00000122   Code   RO           13    .text.main          main.o
    0x0800bfa6   0x0800bfa6   0x00000002   PAD
    0x0800bfa8   0x0800bfa8   0x0000000a   Code   RO         1959    .text.read_wheel_encoder  odrive_can.o
    0x0800bfb2   0x0800bfb2   0x00000002   PAD
    0x0800bfb4   0x0800bfb4   0x00000034   Code   RO         1957    .text.send_wheel_torque  odrive_can.o
    0x0800bfe8   0x0800bfe8   0x0000003a   Code   RO         1984    .text.setup         ros_main.o
    0x0800c022   0x0800c022   0x00000002   PAD
    0x0800c024   0x0800c024   0x00000014   Code   RO          262    .text.vcp_available  usbd_cdc_if.o
    0x0800c038   0x0800c038   0x0000002a   Code   RO          264    .text.vcp_read      usbd_cdc_if.o
    0x0800c062   0x0800c062   0x00000002   PAD
    0x0800c064   0x0800c064   0x0000003a   Code   RO          266    .text.vcp_write     usbd_cdc_if.o
    0x0800c09e   0x0800c09e   0x00000030   Code   RO         2467    i.__ARM_fpclassify  m_wm.l(fpclassify.o)
    0x0800c0ce   0x0800c0ce   0x00000002   PAD
    0x0800c0d0   0x0800c0d0   0x00000360   Code   RO         2303    i.__hardfp_asin     m_wm.l(asin.o)
    0x0800c430   0x0800c430   0x000002d8   Code   RO         2440    i.__hardfp_atan     m_wm.l(atan.o)
    0x0800c708   0x0800c708   0x00000200   Code   RO         2310    i.__hardfp_atan2    m_wm.l(atan2.o)
    0x0800c908   0x0800c908   0x000000f8   Code   RO         2469    i.__kernel_poly     m_wm.l(poly.o)
    0x0800ca00   0x0800ca00   0x00000014   Code   RO         2448    i.__mathlib_dbl_infnan  m_wm.l(dunder.o)
    0x0800ca14   0x0800ca14   0x00000014   Code   RO         2449    i.__mathlib_dbl_infnan2  m_wm.l(dunder.o)
    0x0800ca28   0x0800ca28   0x00000020   Code   RO         2450    i.__mathlib_dbl_invalid  m_wm.l(dunder.o)
    0x0800ca48   0x0800ca48   0x00000020   Code   RO         2453    i.__mathlib_dbl_underflow  m_wm.l(dunder.o)
    0x0800ca68   0x0800ca68   0x00000010   Code   RO         2442    i.atan              m_wm.l(atan.o)
    0x0800ca78   0x0800ca78   0x00000018   Code   RO         2463    i.fabs              m_wm.l(fabs.o)
    0x0800ca90   0x0800ca90   0x0000006e   Code   RO         2474    i.sqrt              m_wm.l(sqrt.o)
    0x0800cafe   0x0800cafe   0x00000018   Code   RO         2417    x$fpl$basic         fz_wm.l(basic.o)
    0x0800cb16   0x0800cb16   0x00000002   PAD
    0x0800cb18   0x0800cb18   0x00000062   Code   RO         2287    x$fpl$d2f           fz_wm.l(d2f.o)
    0x0800cb7a   0x0800cb7a   0x00000002   PAD
    0x0800cb7c   0x0800cb7c   0x00000150   Code   RO         2419    x$fpl$dadd          fz_wm.l(daddsub_clz.o)
    0x0800cccc   0x0800cccc   0x00000018   Code   RO         2524    x$fpl$dcmpinf       fz_wm.l(dcmpi.o)
    0x0800cce4   0x0800cce4   0x000002b4   Code   RO         2426    x$fpl$ddiv          fz_wm.l(ddiv.o)
    0x0800cf98   0x0800cf98   0x00000078   Code   RO         2429    x$fpl$deqf          fz_wm.l(deqf.o)
    0x0800d010   0x0800d010   0x00000154   Code   RO         2299    x$fpl$dmul          fz_wm.l(dmul.o)
    0x0800d164   0x0800d164   0x0000009c   Code   RO         2431    x$fpl$dnaninf       fz_wm.l(dnaninf.o)
    0x0800d200   0x0800d200   0x0000000c   Code   RO         2433    x$fpl$dretinf       fz_wm.l(dretinf.o)
    0x0800d20c   0x0800d20c   0x00000016   Code   RO         2420    x$fpl$drsb          fz_wm.l(daddsub_clz.o)
    0x0800d222   0x0800d222   0x00000002   PAD
    0x0800d224   0x0800d224   0x00000198   Code   RO         2526    x$fpl$dsqrt         fz_wm.l(dsqrt_umaal.o)
    0x0800d3bc   0x0800d3bc   0x000001dc   Code   RO         2421    x$fpl$dsub          fz_wm.l(daddsub_clz.o)
    0x0800d598   0x0800d598   0x00000056   Code   RO         2301    x$fpl$f2d           fz_wm.l(f2d.o)
    0x0800d5ee   0x0800d5ee   0x0000008c   Code   RO         2435    x$fpl$fnaninf       fz_wm.l(fnaninf.o)
    0x0800d67a   0x0800d67a   0x0000001a   Code   RO         2528    x$fpl$fpinit        fz_wm.l(fpinit.o)
    0x0800d694   0x0800d694   0x0000000a   Code   RO         2437    x$fpl$fretinf       fz_wm.l(fretinf.o)
    0x0800d69e   0x0800d69e   0x00000000   Code   RO         2439    x$fpl$usenofp       fz_wm.l(usenofp.o)
    0x0800d69e   0x0800d69e   0x00000002   PAD
    0x0800d6a0   0x0800d6a0   0x00000050   Data   RO         2306    .constdata          m_wm.l(asin.o)
    0x0800d6f0   0x0800d6f0   0x00000098   Data   RO         2443    .constdata          m_wm.l(atan.o)
    0x0800d788   0x0800d788   0x00000008   Data   RO         2471    .constdata          m_wm.l(qnan.o)
    0x0800d790   0x0800d790   0x00000010   Data   RO         1677    .rodata.AHBPrescTable  system_stm32f4xx.o
    0x0800d7a0   0x0800d7a0   0x00000008   Data   RO         1678    .rodata.APBPrescTable  system_stm32f4xx.o
    0x0800d7a8   0x0800d7a8   0x0000001c   Data   RO         1996    .rodata._ZN14rosserial_msgsL12REQUESTPARAME  ros_main.o
    0x0800d7c4   0x0800d7c4   0x00000014   Data   RO         2119    .rodata._ZTV9USBSerial  usbserial.o
    0x0800d7d8   0x0800d7d8   0x00000018   Data   RO         2090    .rodata._ZTVN11sensor_msgs3ImuE  ros_main.o
    0x0800d7f0   0x0800d7f0   0x00000018   Data   RO         2092    .rodata._ZTVN13geometry_msgs10QuaternionE  ros_main.o
    0x0800d808   0x0800d808   0x00000018   Data   RO         2093    .rodata._ZTVN13geometry_msgs7Vector3E  ros_main.o
    0x0800d820   0x0800d820   0x00000018   Data   RO         2095    .rodata._ZTVN14rosserial_msgs20RequestParamResponseE  ros_main.o
    0x0800d838   0x0800d838   0x00000018   Data   RO         2096    .rodata._ZTVN14rosserial_msgs3LogE  ros_main.o
    0x0800d850   0x0800d850   0x00000018   Data   RO         2098    .rodata._ZTVN14rosserial_msgs9TopicInfoE  ros_main.o
    0x0800d868   0x0800d868   0x00000014   Data   RO         2094    .rodata._ZTVN3ros11NodeHandle_I13STM32HardwareLi25ELi25ELi1024ELi1024EEE  ros_main.o
    0x0800d87c   0x0800d87c   0x00000018   Data   RO         2097    .rodata._ZTVN8std_msgs4TimeE  ros_main.o
    0x0800d894   0x0800d894   0x00000018   Data   RO         2091    .rodata._ZTVN8std_msgs6HeaderE  ros_main.o
    0x0800d8ac   0x0800d8ac   0x00000018   Data   RO         2089    .rodata._ZTVN8std_msgs6StringE  ros_main.o
    0x0800d8c4   0x0800d8c4   0x00000008   Data   RO          735    .rodata.cst8        stm32f4xx_hal_dma.o
    0x0800d8cc   0x0800d8cc   0x00000001   Data   RO         1995    .rodata.str1.1      ros_main.o
    0x0800d8cd   0x0800d8cd   0x00000012   Data   RO         1835    .rodata.write_BMI088_accel_reg_data_error  bmi088driver.o
    0x0800d8df   0x0800d8df   0x00000012   Data   RO         1836    .rodata.write_BMI088_gyro_reg_data_error  bmi088driver.o
    0x0800d8f1   0x0800d8f1   0x00000003   PAD
    0x0800d8f4   0x0800d8f4   0x00000020   Data   RO         2628    Region$$Table       anon$$obj.o
    0x0800d914   0x0800d914   0x00000004   Data   RO         1997    .init_array         ros_main.o
    0x0800d918   0x0800d914   0x00000000   Data   RO         2282    .init_array         c_w.l(init_aeabi.o)


    Execution Region RW_IRAM1 (Exec base: 0x20000000, Load base: 0x0800d918, Size: 0x00003cc8, Max: 0x0001c000, ABSOLUTE, COMPRESSED[0x00000128])

    Exec Addr    Load Addr    Size         Type   Attr      Idx    E Section Name        Object

    0x20000000   COMPRESSED   0x00000008   Data   RW          907    .data..L_MergedGlobals  stm32f4xx_hal.o
    0x20000008   COMPRESSED   0x00000008   Data   RW         1837    .data..L_MergedGlobals  bmi088driver.o
    0x20000010   COMPRESSED   0x00000008   Data   RW         2136    .data..L_MergedGlobals  mahonyahrs.o
    0x20000018   COMPRESSED   0x00000066   Data   RW         2169    .data..L_MergedGlobals  unitree_a1_change_id.o
    0x2000007e   COMPRESSED   0x00000002   PAD
    0x20000080   COMPRESSED   0x0000001c   Data   RW          249    .data.FS_Desc       usbd_desc.o
    0x2000009c   COMPRESSED   0x00000018   Data   RW         2118    .data.Serial0       usbserial.o
    0x200000b4   COMPRESSED   0x00000004   Data   RW         1676    .data.SystemCoreClock  system_stm32f4xx.o
    0x200000b8   COMPRESSED   0x00000038   Data   RW         1816    .data.USBD_CDC      usbd_cdc.o
    0x200000f0   COMPRESSED   0x00000043   Data   RW         1818    .data.USBD_CDC_CfgDesc  usbd_cdc.o
    0x20000133   COMPRESSED   0x00000001   PAD
    0x20000134   COMPRESSED   0x0000000a   Data   RW         1817    .data.USBD_CDC_DeviceQualifierDesc  usbd_cdc.o
    0x2000013e   COMPRESSED   0x00000002   PAD
    0x20000140   COMPRESSED   0x00000012   Data   RW          250    .data.USBD_FS_DeviceDesc  usbd_desc.o
    0x20000152   COMPRESSED   0x00000002   PAD
    0x20000154   COMPRESSED   0x00000014   Data   RW          281    .data.USBD_Interface_fops_FS  usbd_cdc_if.o
    0x20000168   COMPRESSED   0x00000004   Data   RW          251    .data.USBD_LangIDDesc  usbd_desc.o
    0x2000016c   COMPRESSED   0x0000001a   Data   RW          252    .data.USBD_StringSerial  usbd_desc.o
    0x20000186   COMPRESSED   0x00000002   PAD
    0x20000188   COMPRESSED   0x00000010   Data   RW         2150    .data.angle_pid     pid.o
    0x20000198   COMPRESSED   0x0000000d   Data   RW         1993    .data.hello         ros_main.o
    0x200001a5   COMPRESSED   0x00000003   PAD
    0x200001a8   COMPRESSED   0x00000010   Data   RW         2151    .data.vel_pid       pid.o
    0x200001b8        -       0x00000060   Zero   RW         2479    .bss                c_w.l(libspace.o)
    0x20000218        -       0x00000050   Zero   RW          210    .bss..L_MergedGlobals  stm32f4xx_it.o
    0x20000268        -       0x00000008   Zero   RW          284    .bss..L_MergedGlobals  usbd_cdc_if.o
    0x20000270        -       0x0000000c   Zero   RW         2152    .bss..L_MergedGlobals  pid.o
    0x2000027c        -       0x0000001c   Zero   RW         2137    .bss..L_MergedGlobals.1  mahonyahrs.o
    0x20000298        -       0x00000030   Zero   RW         1999    .bss..L_MergedGlobals.25  ros_main.o
    0x200002c8        -       0x00000004   Zero   RW           63    .bss.HAL_RCC_CAN1_CLK_ENABLED  can.o
    0x200002cc        -       0x00000001   Zero   RW         1755    .bss.USBD_SetConfig.cfgidx  usbd_ctlreq.o
    0x200002cd   COMPRESSED   0x00000003   PAD
    0x200002d0        -       0x00000200   Zero   RW          253    .bss.USBD_StrDesc   usbd_desc.o
    0x200004d0        -       0x00000220   Zero   RW          356    .bss.USBD_static_malloc.mem  usbd_conf.o
    0x200006f0        -       0x00000800   Zero   RW          282    .bss.UserRxBufferFS  usbd_cdc_if.o
    0x20000ef0        -       0x00000800   Zero   RW          283    .bss.UserTxBufferFS  usbd_cdc_if.o
    0x200016f0        -       0x000002dc   Zero   RW          228    .bss.hUsbDeviceFS   usb_device.o
    0x200019cc        -       0x00000048   Zero   RW           44    .bss.hadc1          adc.o
    0x20001a14        -       0x00000028   Zero   RW           61    .bss.hcan1          can.o
    0x20001a3c        -       0x00000028   Zero   RW           62    .bss.hcan2          can.o
    0x20001a64        -       0x00000060   Zero   RW          145    .bss.hdma_uart4_rx  usart.o
    0x20001ac4        -       0x00000060   Zero   RW          144    .bss.hdma_uart4_tx  usart.o
    0x20001b24        -       0x00000060   Zero   RW          147    .bss.hdma_uart5_rx  usart.o
    0x20001b84        -       0x00000060   Zero   RW          146    .bss.hdma_uart5_tx  usart.o
    0x20001be4        -       0x00000060   Zero   RW          148    .bss.hdma_usart1_tx  usart.o
    0x20001c44        -       0x00000060   Zero   RW          149    .bss.hdma_usart6_tx  usart.o
    0x20001ca4        -       0x0000050c   Zero   RW          355    .bss.hpcd_USB_OTG_FS  usbd_conf.o
    0x200021b0        -       0x00000058   Zero   RW           87    .bss.hspi1          spi.o
    0x20002208        -       0x00000048   Zero   RW          113    .bss.htim12         tim.o
    0x20002250        -       0x00000048   Zero   RW          110    .bss.htim4          tim.o
    0x20002298        -       0x00000048   Zero   RW          111    .bss.htim5          tim.o
    0x200022e0        -       0x00000048   Zero   RW          112    .bss.htim6          tim.o
    0x20002328        -       0x00000044   Zero   RW          140    .bss.huart1         usart.o
    0x2000236c        -       0x00000044   Zero   RW          141    .bss.huart2         usart.o
    0x200023b0        -       0x00000044   Zero   RW          142    .bss.huart3         usart.o
    0x200023f4        -       0x00000044   Zero   RW          138    .bss.huart4         usart.o
    0x20002438        -       0x00000044   Zero   RW          139    .bss.huart5         usart.o
    0x2000247c        -       0x00000044   Zero   RW          143    .bss.huart6         usart.o
    0x200024c0        -       0x000000b8   Zero   RW         1994    .bss.imu_msg        ros_main.o
    0x20002578        -       0x00000004   Zero   RW         1961    .bss.left_wheel_odom  odrive_can.o
    0x2000257c        -       0x00000004   Zero   RW         1963    .bss.left_wheel_vel  odrive_can.o
    0x20002580        -       0x00000930   Zero   RW         1990    .bss.nh             ros_main.o
    0x20002eb0        -       0x0000000c   Zero   RW           19    .bss.rebuf          main.o
    0x20002ebc        -       0x00000004   Zero   RW         1962    .bss.right_wheel_odom  odrive_can.o
    0x20002ec0        -       0x00000004   Zero   RW         1964    .bss.right_wheel_vel  odrive_can.o
    0x20002ec4        -       0x00000800   Zero   RW          280    .bss.usb_rxBuffer   usbd_cdc_if.o
    0x200036c4        -       0x00000004   Zero   RW          906    .bss.uwTick         stm32f4xx_hal.o
    0x200036c8        -       0x00000200   Zero   RW            2    HEAP                startup_stm32f405xx.o
    0x200038c8        -       0x00000400   Zero   RW            1    STACK               startup_stm32f405xx.o


    Execution Region RW_IRAM2 (Exec base: 0x2001c000, Load base: 0x0800da40, Size: 0x00000000, Max: 0x00004000, ABSOLUTE)

    **** No section assigned to this execution region ****


==============================================================================

Image component sizes


      Code (inc. data)   RO Data    RW Data    ZI Data      Debug   Object Name

       208          0          0          0         72       5015   adc.o
      1622          0         36          8          0       5351   bmi088driver.o
       674          0          0          0          0       5516   bmi088middleware.o
       200          0          0          0          0       5746   bsp_can.o
       486          0          0          0         84       6540   can.o
       156          0          0          0          0       3453   dma.o
       348          0          0          0          0       4115   gpio.o
      1112         20          0          8         28       7129   mahonyahrs.o
       498          0          0          0         12       5724   main.o
        62          0          0          0         16       1887   odrive_can.o
       336          8          0         32         12       1703   pid.o
     10712        584        269         13       2584      70876   ros_main.o
       182          0          0          0         88       5049   spi.o
        64         26        392          0       1536        856   startup_stm32f405xx.o
       204          0          0          8          4       7239   stm32f4xx_hal.o
       670          0          0          0          0      11636   stm32f4xx_hal_adc.o
      1348          6          0          0          0      13741   stm32f4xx_hal_can.o
       194          0          0          0          0      10437   stm32f4xx_hal_cortex.o
      1142          6          8          0          0      10579   stm32f4xx_hal_dma.o
       502          0          0          0          0       5283   stm32f4xx_hal_gpio.o
        56          0          0          0          0       1452   stm32f4xx_hal_msp.o
      3324          0          0          0          0      16818   stm32f4xx_hal_pcd.o
       244          0          0          0          0       4603   stm32f4xx_hal_pcd_ex.o
      1436          0          0          0          0       7410   stm32f4xx_hal_rcc.o
      1200          0          0          0          0      25915   stm32f4xx_hal_spi.o
      2064          4          0          0          0      55010   stm32f4xx_hal_tim.o
       186          0          0          0          0      21237   stm32f4xx_hal_tim_ex.o
      3718          0          0          0          0      31989   stm32f4xx_hal_uart.o
       496          8          0          0         80      11912   stm32f4xx_it.o
      4296          0          0          0          0      32668   stm32f4xx_ll_usb.o
        18          0         24          4          0       2628   system_stm32f4xx.o
      1358          6          0          0        288       9777   tim.o
        48          0          0          0          0      13103   time.o
        78          0          0        102          0       8117   unitree_a1_change_id.o
      1568          0          0          0        984       9044   usart.o
       114          0          0          0        732       3181   usb_device.o
      1254         12          0        133          0      11543   usbd_cdc.o
       320          0          0         20       6152       6288   usbd_cdc_if.o
       766          0          0          0       1836      18189   usbd_conf.o
       912          0          0          0          0      10592   usbd_core.o
      1668         34          0          0          1      10231   usbd_ctlreq.o
       560         72          0         76        512       4101   usbd_desc.o
       128          0          0          0          0       4694   usbd_ioreq.o
        62          0         20         24          0      11989   usbserial.o

    ----------------------------------------------------------------------
     46898        786        784        440      15024     520366   Object Totals
         0          0         32          0          0          0   (incl. Generated)
       304          0          3         12          3          0   (incl. Padding)

    ----------------------------------------------------------------------

      Code (inc. data)   RO Data    RW Data    ZI Data      Debug   Library Member Name

        58          0          0          0          0          0   __dczerorl.o
         8          0          0          0          0         68   __main.o
         0          0          0          0          0          0   __rtentry.o
        12          0          0          0          0          0   __rtentry2.o
         6          0          0          0          0          0   __rtentry4.o
        52          8          0          0          0          0   __scatter.o
        28          0          0          0          0          0   __scatter_zi.o
        22          0          0          0          0        100   _rserrno.o
        10          0          0          0          0         68   defsig_exit.o
        50          0          0          0          0         88   defsig_general.o
        80         58          0          0          0         76   defsig_rtmem_inner.o
        14          0          0          0          0         80   defsig_rtmem_outer.o
        18          0          0          0          0         80   exit.o
        94          0          0          0          0         80   h1_alloc.o
        52          0          0          0          0         68   h1_extend.o
        78          0          0          0          0         80   h1_free.o
        14          0          0          0          0         84   h1_init.o
       196          0          0          0          0         92   h1_realloc.o
         6          0          0          0          0        152   heapauxi.o
         4          0          0          0          0        136   hguard.o
         0          0          0          0          0          0   indicate_semi.o
        36          8          0          0          0         80   init_aeabi.o
       138          0          0          0          0        168   init_alloc.o
         2          0          0          0          0          0   libinit.o
        18          0          0          0          0          0   libinit2.o
         2          0          0          0          0          0   libshutdown.o
         2          0          0          0          0          0   libshutdown2.o
         8          4          0          0         96         68   libspace.o
       240          0          0          0          0        100   lludivv7m.o
         0          0          0          0          0          0   maybetermalloc1.o
         8          4          0          0          0         68   rt_errno_addr_intlibspace.o
         8          4          0          0          0         68   rt_heap_descriptor_intlibspace.o
        78          0          0          0          0         80   rt_memclr_w.o
       138          0          0          0          0         68   rt_memcpy_v6.o
       100          0          0          0          0         80   rt_memcpy_w.o
       132          0          0          0          0         68   rt_memmove_v6.o
       122          0          0          0          0         80   rt_memmove_w.o
         2          0          0          0          0          0   rtexit.o
        10          0          0          0          0          0   rtexit2.o
        62          0          0          0          0         76   strlen.o
        12          4          0          0          0         68   sys_exit.o
        74          0          0          0          0         80   sys_stackheap_outer.o
        14          0          0          0          0         76   sys_wrch.o
         2          0          0          0          0         68   use_no_semi.o
        24          0          0          0          0        164   basic.o
        98          4          0          0          0        140   d2f.o
       834         16          0          0          0        516   daddsub_clz.o
        24          0          0          0          0        116   dcmpi.o
       692        140          0          0          0        264   ddiv.o
       120          4          0          0          0        140   deqf.o
       340         12          0          0          0        152   dmul.o
       156          4          0          0          0        140   dnaninf.o
        12          0          0          0          0        116   dretinf.o
       408         56          0          0          0        168   dsqrt_umaal.o
        86          4          0          0          0        132   f2d.o
       140          4          0          0          0        132   fnaninf.o
        26          0          0          0          0        116   fpinit.o
        10          0          0          0          0        116   fretinf.o
         0          0          0          0          0          0   usenofp.o
       864         94         80          0          0        280   asin.o
       744        106        152          0          0        352   atan.o
       512         64          0          0          0        208   atan2.o
       104         16          0          0          0        496   dunder.o
        24          0          0          0          0        124   fabs.o
        48          0          0          0          0        124   fpclassify.o
       248          0          0          0          0        152   poly.o
         0          0          8          0          0          0   qnan.o
       110          0          0          0          0        148   sqrt.o

    ----------------------------------------------------------------------
      7654        614        240          0         96       6844   Library Totals
        20          0          0          0          0          0   (incl. Padding)

    ----------------------------------------------------------------------

      Code (inc. data)   RO Data    RW Data    ZI Data      Debug   Library Name

      2010         90          0          0         96       2548   c_w.l
      2970        244          0          0          0       2412   fz_wm.l
      2654        280        240          0          0       1884   m_wm.l

    ----------------------------------------------------------------------
      7654        614        240          0         96       6844   Library Totals

    ----------------------------------------------------------------------

==============================================================================


      Code (inc. data)   RO Data    RW Data    ZI Data      Debug   

     54552       1400       1024        440      15120     522366   Grand Totals
     54552       1400       1024        296      15120     522366   ELF Image Totals (compressed)
     54552       1400       1024        296          0          0   ROM Totals

==============================================================================

    Total RO  Size (Code + RO Data)                55576 (  54.27kB)
    Total RW  Size (RW Data + ZI Data)             15560 (  15.20kB)
    Total ROM Size (Code + RO Data + RW Data)      55872 (  54.56kB)

==============================================================================

